Product: MDK-ARM Standard 5.10
Component: ARM Compiler 5.04 update 1 (build 49)
Tool: armlink [5040049]

==============================================================================

Section Cross References

    task_gui.o(.text) refers to os_time.o(.text) for OSTimeGet
    task_gui.o(.text) refers to bsp_os.o(.text) for BSP_OS_TimeDly
    task_dateconnected.o(.text) refers to stm32f4xx_gpio.o(.text) for GPIO_WriteBit
    task_dateconnected.o(.text) refers to stm32f4xx_rcc.o(.text) for RCC_AHB1PeriphClockCmd
    task_dateconnected.o(.text) refers to os_sem.o(.text) for OSSemCreate
    task_dateconnected.o(.text) refers to stm32f4xx_usart.o(.text) for USART_ITConfig
    task_dateconnected.o(.text) refers to bsp_led.o(.text) for Trage_Led
    task_dateconnected.o(.text) refers to os_time.o(.text) for OSTimeDlyHMSM
    task_dateconnected.o(.text) refers to datastory.o(.bss) for comPortData
    task_dateconnected.o(.text) refers to task_dateconnected.o(.data) for ModeOkFlage
    task_dateconnected.o(.text) refers to task_dateconnected.o(.bss) for Usart2RecerveSem
    task_dtudely.o(.text) refers to os_time.o(.text) for OSTimeDlyHMSM
    main.o(.text) refers to os_task.o(.text) for OSTaskCreate
    main.o(.text) refers to bsp.o(.text) for BSP_Init
    main.o(.text) refers to cpu_core.o(.text) for CPU_Init
    main.o(.text) refers to lib_mem.o(.text) for Mem_Init
    main.o(.text) refers to lib_math.o(.text) for Math_Init
    main.o(.text) refers to os_stat.o(.text) for OSStatTaskCPUUsageInit
    main.o(.text) refers to os_time.o(.text) for OSTimeDlyHMSM
    main.o(.text) refers to stm32f4xx_rcc.o(.text) for RCC_GetClocksFreq
    main.o(.text) refers to os_core.o(.text) for OSInit
    main.o(.text) refers to main.o(.bss) for AppTaskDateConnectedStk
    main.o(.text) refers to task_dateconnected.o(.text) for AppTaskDateConnected
    main.o(.text) refers to task_dtudely.o(.text) for AppTaskDTUDealy
    stm32f4xx_it.o(.text) refers to os_core.o(.text) for OSIntEnter
    stm32f4xx_it.o(.text) refers to stm32f4xx_usart.o(.text) for USART_ReceiveData
    stm32f4xx_it.o(.text) refers to os_sem.o(.text) for OSSemPost
    stm32f4xx_it.o(.text) refers to stm32f4xx_tim.o(.text) for TIM_GetITStatus
    stm32f4xx_it.o(.text) refers to bsp_key.o(.text) for Deal_keyButtom
    stm32f4xx_it.o(.text) refers to stm32f4xx_exti.o(.text) for EXTI_ClearITPendingBit
    stm32f4xx_it.o(.text) refers to stm32f4xx_gpio.o(.text) for GPIO_ReadInputDataBit
    stm32f4xx_it.o(.text) refers to task_dateconnected.o(.data) for USART1_RX_STA
    stm32f4xx_it.o(.text) refers to task_dateconnected.o(.bss) for rece1_buff
    stm32f4xx_it.o(.text) refers to bsp_usart3.o(.data) for Usart3RecerveStart
    stm32f4xx_it.o(.text) refers to bsp_usart3.o(.bss) for Usart3RecerveData
    stm32f4xx_it.o(.text) refers to stm32f4xx_it.o(.data) for ItUp
    datastory.o(.text) refers to strlen.o(.text) for strlen
    datastory.o(.text) refers to strcpy.o(.text) for strcpy
    datastory.o(.text) refers to strcmp.o(.text) for strcmp
    datastory.o(.text) refers to datastory.o(.bss) for Values
    actuatorfunction.o(.text) refers to bsp_pwm.o(.text) for InitPWMAs20kHz
    lcd_draw.o(.text) refers to bsp_lcd2_4_spi.o(.text) for LCD_ShowString
    lcd_draw.o(.text) refers to exchangedata.o(.text) for myitoa
    lcd_draw.o(.text) refers to f2d.o(.text) for __aeabi_f2d
    bsp.o(.text) refers to stm32f4xx_rcc.o(.text) for RCC_AHB1PeriphClockCmd
    bsp.o(.text) refers to misc.o(.text) for NVIC_PriorityGroupConfig
    bsp.o(.text) refers to bsp_key.o(.text) for Init_key
    bsp.o(.text) refers to bsp_lcd2_4_spi.o(.text) for _InitLCD
    bsp.o(.text) refers to bsp_led.o(.text) for Bsp_InitLed
    bsp.o(.text) refers to datastory.o(.text) for GiveValue
    bsp.o(.text) refers to actuatorfunction.o(.text) for motorInit
    bsp.o(.text) refers to bsp_usart1.o(.text) for Usart1_init
    bsp.o(.text) refers to bsp_usart2.o(.text) for Usart2_init
    bsp.o(.text) refers to os_cpu_c.o(.text) for OS_CPU_SysTickInit
    bsp.o(.text) refers to cpu_core.o(.text) for CPU_TS_TmrFreqSet
    bsp.o(.text) refers to uldiv.o(.text) for __aeabi_uldivmod
    bsp.o(.text) refers to os_cfg_app.o(.constdata) for OSCfg_TickRate_Hz
    bsp_led.o(.text) refers to stm32f4xx_rcc.o(.text) for RCC_AHB1PeriphClockCmd
    bsp_led.o(.text) refers to stm32f4xx_gpio.o(.text) for GPIO_Init
    bsp_os.o(.text) refers to os_sem.o(.text) for OSSemCreate
    bsp_os.o(.text) refers to os_mutex.o(.text) for OSMutexCreate
    bsp_os.o(.text) refers to os_time.o(.text) for OSTimeDlyHMSM
    bsp_os.o(.text) refers to os_cfg_app.o(.constdata) for OSCfg_TickRate_Hz
    bsp_usart1.o(.text) refers to misc.o(.text) for NVIC_Init
    bsp_usart1.o(.text) refers to stm32f4xx_usart.o(.text) for USART_DeInit
    bsp_usart1.o(.text) refers to stm32f4xx_rcc.o(.text) for RCC_AHB1PeriphClockCmd
    bsp_usart1.o(.text) refers to stm32f4xx_gpio.o(.text) for GPIO_PinAFConfig
[...]
    DMA2_Stream1_IRQHandler                  0x08002067   Thumb Code     0  startup_stm32f4xx.o(.text)
    DMA2_Stream2_IRQHandler                  0x08002067   Thumb Code     0  startup_stm32f4xx.o(.text)
    DMA2_Stream3_IRQHandler                  0x08002067   Thumb Code     0  startup_stm32f4xx.o(.text)
    DMA2_Stream4_IRQHandler                  0x08002067   Thumb Code     0  startup_stm32f4xx.o(.text)
    DMA2_Stream5_IRQHandler                  0x08002067   Thumb Code     0  startup_stm32f4xx.o(.text)
    DMA2_Stream6_IRQHandler                  0x08002067   Thumb Code     0  startup_stm32f4xx.o(.text)
    DMA2_Stream7_IRQHandler                  0x08002067   Thumb Code     0  startup_stm32f4xx.o(.text)
    ETH_IRQHandler                           0x08002067   Thumb Code     0  startup_stm32f4xx.o(.text)
    ETH_WKUP_IRQHandler                      0x08002067   Thumb Code     0  startup_stm32f4xx.o(.text)
    EXTI15_10_IRQHandler                     0x08002067   Thumb Code     0  startup_stm32f4xx.o(.text)
    EXTI9_5_IRQHandler                       0x08002067   Thumb Code     0  startup_stm32f4xx.o(.text)
    FLASH_IRQHandler                         0x08002067   Thumb Code     0  startup_stm32f4xx.o(.text)
    FPU_IRQHandler                           0x08002067   Thumb Code     0  startup_stm32f4xx.o(.text)
    FSMC_IRQHandler                          0x08002067   Thumb Code     0  startup_stm32f4xx.o(.text)
    HASH_RNG_IRQHandler                      0x08002067   Thumb Code     0  startup_stm32f4xx.o(.text)
    I2C1_ER_IRQHandler                       0x08002067   Thumb Code     0  startup_stm32f4xx.o(.text)
    I2C1_EV_IRQHandler                       0x08002067   Thumb Code     0  startup_stm32f4xx.o(.text)
    I2C2_ER_IRQHandler                       0x08002067   Thumb Code     0  startup_stm32f4xx.o(.text)
    I2C2_EV_IRQHandler                       0x08002067   Thumb Code     0  startup_stm32f4xx.o(.text)
    I2C3_ER_IRQHandler                       0x08002067   Thumb Code     0  startup_stm32f4xx.o(.text)
    I2C3_EV_IRQHandler                       0x08002067   Thumb Code     0  startup_stm32f4xx.o(.text)
    OTG_FS_IRQHandler                        0x08002067   Thumb Code     0  startup_stm32f4xx.o(.text)
    OTG_FS_WKUP_IRQHandler                   0x08002067   Thumb Code     0  startup_stm32f4xx.o(.text)
    OTG_HS_EP1_IN_IRQHandler                 0x08002067   Thumb Code     0  startup_stm32f4xx.o(.text)
    OTG_HS_EP1_OUT_IRQHandler                0x08002067   Thumb Code     0  startup_stm32f4xx.o(.text)
    OTG_HS_IRQHandler                        0x08002067   Thumb Code     0  startup_stm32f4xx.o(.text)
    OTG_HS_WKUP_IRQHandler                   0x08002067   Thumb Code     0  startup_stm32f4xx.o(.text)
    PVD_IRQHandler                           0x08002067   Thumb Code     0  startup_stm32f4xx.o(.text)
    RCC_IRQHandler                           0x08002067   Thumb Code     0  startup_stm32f4xx.o(.text)
    RTC_Alarm_IRQHandler                     0x08002067   Thumb Code     0  startup_stm32f4xx.o(.text)
    RTC_WKUP_IRQHandler                      0x08002067   Thumb Code     0  startup_stm32f4xx.o(.text)
    SDIO_IRQHandler                          0x08002067   Thumb Code     0  startup_stm32f4xx.o(.text)
    SPI1_IRQHandler                          0x08002067   Thumb Code     0  startup_stm32f4xx.o(.text)
    SPI2_IRQHandler                          0x08002067   Thumb Code     0  startup_stm32f4xx.o(.text)
    SPI3_IRQHandler                          0x08002067   Thumb Code     0  startup_stm32f4xx.o(.text)
    TAMP_STAMP_IRQHandler                    0x08002067   Thumb Code     0  startup_stm32f4xx.o(.text)
    TIM1_BRK_TIM9_IRQHandler                 0x08002067   Thumb Code     0  startup_stm32f4xx.o(.text)
    TIM1_CC_IRQHandler                       0x08002067   Thumb Code     0  startup_stm32f4xx.o(.text)
    TIM1_TRG_COM_TIM11_IRQHandler            0x08002067   Thumb Code     0  startup_stm32f4xx.o(.text)
    TIM1_UP_TIM10_IRQHandler                 0x08002067   Thumb Code     0  startup_stm32f4xx.o(.text)
    TIM5_IRQHandler                          0x08002067   Thumb Code     0  startup_stm32f4xx.o(.text)
    TIM6_DAC_IRQHandler                      0x08002067   Thumb Code     0  startup_stm32f4xx.o(.text)
    TIM7_IRQHandler                          0x08002067   Thumb Code     0  startup_stm32f4xx.o(.text)
    TIM8_BRK_TIM12_IRQHandler                0x08002067   Thumb Code     0  startup_stm32f4xx.o(.text)
    TIM8_CC_IRQHandler                       0x08002067   Thumb Code     0  startup_stm32f4xx.o(.text)
    TIM8_TRG_COM_TIM14_IRQHandler            0x08002067   Thumb Code     0  startup_stm32f4xx.o(.text)
    TIM8_UP_TIM13_IRQHandler                 0x08002067   Thumb Code     0  startup_stm32f4xx.o(.text)
    UART4_IRQHandler                         0x08002067   Thumb Code     0  startup_stm32f4xx.o(.text)
    UART5_IRQHandler                         0x08002067   Thumb Code     0  startup_stm32f4xx.o(.text)
    USART6_IRQHandler                        0x08002067   Thumb Code     0  startup_stm32f4xx.o(.text)
    WWDG_IRQHandler                          0x08002067   Thumb Code     0  startup_stm32f4xx.o(.text)
    SystemInit                               0x0800217f   Thumb Code    88  system_stm32f4xx.o(.text)
    SystemCoreClockUpdate                    0x080021d7   Thumb Code   174  system_stm32f4xx.o(.text)
    NVIC_PriorityGroupConfig                 0x080022b5   Thumb Code    10  misc.o(.text)
    NVIC_Init                                0x080022bf   Thumb Code   106  misc.o(.text)
    NVIC_SetVectorTable                      0x08002329   Thumb Code    14  misc.o(.text)
    NVIC_SystemLPConfig                      0x08002337   Thumb Code    34  misc.o(.text)
    SysTick_CLKSourceConfig                  0x08002359   Thumb Code    40  misc.o(.text)
    EXTI_DeInit                              0x08002395   Thumb Code    28  stm32f4xx_exti.o(.text)
    EXTI_Init                                0x080023b1   Thumb Code   142  stm32f4xx_exti.o(.text)
    EXTI_StructInit                          0x0800243f   Thumb Code    16  stm32f4xx_exti.o(.text)
    EXTI_GenerateSWInterrupt                 0x0800244f   Thumb Code    16  stm32f4xx_exti.o(.text)
    EXTI_GetFlagStatus                       0x0800245f   Thumb Code    22  stm32f4xx_exti.o(.text)
    EXTI_ClearFlag                           0x08002475   Thumb Code     8  stm32f4xx_exti.o(.text)
    EXTI_GetITStatus                         0x0800247d   Thumb Code    34  stm32f4xx_exti.o(.text)
    EXTI_ClearITPendingBit                   0x0800249f   Thumb Code     8  stm32f4xx_exti.o(.text)
    GPIO_DeInit                              0x080024b1   Thumb Code   220  stm32f4xx_gpio.o(.text)
    GPIO_Init                                0x0800258d   Thumb Code   144  stm32f4xx_gpio.o(.text)
    GPIO_StructInit                          0x0800261d   Thumb Code    18  stm32f4xx_gpio.o(.text)
    GPIO_PinLockConfig                       0x0800262f   Thumb Code    34  stm32f4xx_gpio.o(.text)
    GPIO_ReadInputDataBit                    0x08002651   Thumb Code    18  stm32f4xx_gpio.o(.text)
    GPIO_ReadInputData                       0x08002663   Thumb Code     8  stm32f4xx_gpio.o(.text)
    GPIO_ReadOutputDataBit                   0x0800266b   Thumb Code    18  stm32f4xx_gpio.o(.text)
    GPIO_ReadOutputData                      0x0800267d   Thumb Code     8  stm32f4xx_gpio.o(.text)
    GPIO_SetBits                             0x08002685   Thumb Code     4  stm32f4xx_gpio.o(.text)
    GPIO_ResetBits                           0x08002689   Thumb Code     4  stm32f4xx_gpio.o(.text)
    GPIO_WriteBit                            0x0800268d   Thumb Code    10  stm32f4xx_gpio.o(.text)
    GPIO_Write                               0x08002697   Thumb Code     4  stm32f4xx_gpio.o(.text)
    GPIO_ToggleBits                          0x0800269b   Thumb Code     8  stm32f4xx_gpio.o(.text)
    GPIO_PinAFConfig                         0x080026a3   Thumb Code    70  stm32f4xx_gpio.o(.text)
    RCC_DeInit                               0x0800270d   Thumb Code    60  stm32f4xx_rcc.o(.text)
    RCC_HSEConfig                            0x08002749   Thumb Code    14  stm32f4xx_rcc.o(.text)
    RCC_GetFlagStatus                        0x08002757   Thumb Code    60  stm32f4xx_rcc.o(.text)
    RCC_WaitForHSEStartUp                    0x08002793   Thumb Code    56  stm32f4xx_rcc.o(.text)
    RCC_AdjustHSICalibrationValue            0x080027cb   Thumb Code    20  stm32f4xx_rcc.o(.text)
    RCC_HSICmd                               0x080027df   Thumb Code     6  stm32f4xx_rcc.o(.text)
    RCC_LSEConfig                            0x080027e5   Thumb Code    46  stm32f4xx_rcc.o(.text)
    RCC_LSICmd                               0x08002813   Thumb Code     6  stm32f4xx_rcc.o(.text)
    RCC_PLLConfig                            0x08002819   Thumb Code    32  stm32f4xx_rcc.o(.text)
    RCC_PLLCmd                               0x08002839   Thumb Code     6  stm32f4xx_rcc.o(.text)
    RCC_PLLI2SConfig                         0x0800283f   Thumb Code    14  stm32f4xx_rcc.o(.text)
    RCC_PLLI2SCmd                            0x0800284d   Thumb Code     6  stm32f4xx_rcc.o(.text)
    RCC_ClockSecuritySystemCmd               0x08002853   Thumb Code     6  stm32f4xx_rcc.o(.text)
    RCC_MCO1Config                           0x08002859   Thumb Code    28  stm32f4xx_rcc.o(.text)
    RCC_MCO2Config                           0x08002875   Thumb Code    28  stm32f4xx_rcc.o(.text)
    RCC_SYSCLKConfig                         0x08002891   Thumb Code    20  stm32f4xx_rcc.o(.text)
    RCC_GetSYSCLKSource                      0x080028a5   Thumb Code    12  stm32f4xx_rcc.o(.text)
    RCC_HCLKConfig                           0x080028b1   Thumb Code    20  stm32f4xx_rcc.o(.text)
    RCC_PCLK1Config                          0x080028c5   Thumb Code    20  stm32f4xx_rcc.o(.text)
    RCC_PCLK2Config                          0x080028d9   Thumb Code    22  stm32f4xx_rcc.o(.text)
    RCC_GetClocksFreq                        0x080028ef   Thumb Code   222  stm32f4xx_rcc.o(.text)
    RCC_RTCCLKConfig                         0x080029cd   Thumb Code    54  stm32f4xx_rcc.o(.text)
    RCC_RTCCLKCmd                            0x08002a03   Thumb Code     8  stm32f4xx_rcc.o(.text)
    RCC_BackupResetCmd                       0x08002a0b   Thumb Code     8  stm32f4xx_rcc.o(.text)
    RCC_I2SCLKConfig                         0x08002a13   Thumb Code     6  stm32f4xx_rcc.o(.text)
    RCC_AHB1PeriphClockCmd                   0x08002a19   Thumb Code    34  stm32f4xx_rcc.o(.text)
    RCC_AHB2PeriphClockCmd                   0x08002a3b   Thumb Code    34  stm32f4xx_rcc.o(.text)
    RCC_AHB3PeriphClockCmd                   0x08002a5d   Thumb Code    34  stm32f4xx_rcc.o(.text)
    RCC_APB1PeriphClockCmd                   0x08002a7f   Thumb Code    34  stm32f4xx_rcc.o(.text)
    RCC_APB2PeriphClockCmd                   0x08002aa1   Thumb Code    34  stm32f4xx_rcc.o(.text)
    RCC_AHB1PeriphResetCmd                   0x08002ac3   Thumb Code    34  stm32f4xx_rcc.o(.text)
    RCC_AHB2PeriphResetCmd                   0x08002ae5   Thumb Code    72  stm32f4xx_rcc.o(.text)
    RCC_AHB3PeriphResetCmd                   0x08002b2d   Thumb Code    34  stm32f4xx_rcc.o(.text)
    RCC_APB1PeriphResetCmd                   0x08002b4f   Thumb Code    34  stm32f4xx_rcc.o(.text)
    RCC_APB2PeriphResetCmd                   0x08002b71   Thumb Code    34  stm32f4xx_rcc.o(.text)
    RCC_AHB1PeriphClockLPModeCmd             0x08002b93   Thumb Code    34  stm32f4xx_rcc.o(.text)
    RCC_AHB2PeriphClockLPModeCmd             0x08002bb5   Thumb Code    34  stm32f4xx_rcc.o(.text)
    RCC_AHB3PeriphClockLPModeCmd             0x08002bd7   Thumb Code    34  stm32f4xx_rcc.o(.text)
    RCC_APB1PeriphClockLPModeCmd             0x08002bf9   Thumb Code    34  stm32f4xx_rcc.o(.text)
    RCC_APB2PeriphClockLPModeCmd             0x08002c1b   Thumb Code    34  stm32f4xx_rcc.o(.text)
    RCC_ITConfig                             0x08002c3d   Thumb Code    34  stm32f4xx_rcc.o(.text)
    RCC_ClearFlag                            0x08002c5f   Thumb Code    18  stm32f4xx_rcc.o(.text)
    RCC_GetITStatus                          0x08002c71   Thumb Code    22  stm32f4xx_rcc.o(.text)
    RCC_ClearITPendingBit                    0x08002c87   Thumb Code     8  stm32f4xx_rcc.o(.text)
    SPI_I2S_DeInit                           0x08002c95   Thumb Code    76  stm32f4xx_spi.o(.text)
    SPI_Init                                 0x08002ce1   Thumb Code    60  stm32f4xx_spi.o(.text)
    I2S_Init                                 0x08002d1d   Thumb Code   350  stm32f4xx_spi.o(.text)
    SPI_StructInit                           0x08002e7b   Thumb Code    24  stm32f4xx_spi.o(.text)
    I2S_StructInit                           0x08002e93   Thumb Code    20  stm32f4xx_spi.o(.text)
    SPI_Cmd                                  0x08002ea7   Thumb Code    24  stm32f4xx_spi.o(.text)
    I2S_Cmd                                  0x08002ebf   Thumb Code    24  stm32f4xx_spi.o(.text)
    SPI_DataSizeConfig                       0x08002ed7   Thumb Code    18  stm32f4xx_spi.o(.text)
    SPI_BiDirectionalLineConfig              0x08002ee9   Thumb Code    28  stm32f4xx_spi.o(.text)
    SPI_NSSInternalSoftwareConfig            0x08002f05   Thumb Code    30  stm32f4xx_spi.o(.text)
    SPI_SSOutputCmd                          0x08002f23   Thumb Code    24  stm32f4xx_spi.o(.text)
    SPI_TIModeCmd                            0x08002f3b   Thumb Code    24  stm32f4xx_spi.o(.text)
    I2S_FullDuplexConfig                     0x08002f53   Thumb Code    80  stm32f4xx_spi.o(.text)
    SPI_I2S_ReceiveData                      0x08002fa3   Thumb Code     6  stm32f4xx_spi.o(.text)
    SPI_I2S_SendData                         0x08002fa9   Thumb Code     4  stm32f4xx_spi.o(.text)
    SPI_CalculateCRC                         0x08002fad   Thumb Code    24  stm32f4xx_spi.o(.text)
    SPI_TransmitCRC                          0x08002fc5   Thumb Code    10  stm32f4xx_spi.o(.text)
    SPI_GetCRC                               0x08002fcf   Thumb Code    16  stm32f4xx_spi.o(.text)
    SPI_GetCRCPolynomial                     0x08002fdf   Thumb Code     6  stm32f4xx_spi.o(.text)
    SPI_I2S_DMACmd                           0x08002fe5   Thumb Code    18  stm32f4xx_spi.o(.text)
    SPI_I2S_ITConfig                         0x08002ff7   Thumb Code    32  stm32f4xx_spi.o(.text)
    SPI_I2S_GetFlagStatus                    0x08003017   Thumb Code    18  stm32f4xx_spi.o(.text)
    SPI_I2S_ClearFlag                        0x08003029   Thumb Code     6  stm32f4xx_spi.o(.text)
    SPI_I2S_GetITStatus                      0x0800302f   Thumb Code    52  stm32f4xx_spi.o(.text)
    SPI_I2S_ClearITPendingBit                0x08003063   Thumb Code    42  stm32f4xx_spi.o(.text)
    SYSCFG_DeInit                            0x0800308d   Thumb Code    22  stm32f4xx_syscfg.o(.text)
    SYSCFG_MemoryRemapConfig                 0x080030a3   Thumb Code     6  stm32f4xx_syscfg.o(.text)
    SYSCFG_EXTILineConfig                    0x080030a9   Thumb Code    66  stm32f4xx_syscfg.o(.text)
    SYSCFG_ETH_MediaInterfaceConfig          0x080030eb   Thumb Code     6  stm32f4xx_syscfg.o(.text)
    SYSCFG_CompensationCellCmd               0x080030f1   Thumb Code     6  stm32f4xx_syscfg.o(.text)
    SYSCFG_GetCompensationCellStatus         0x080030f7   Thumb Code    22  stm32f4xx_syscfg.o(.text)
    TIM_DeInit                               0x08003119   Thumb Code   346  stm32f4xx_tim.o(.text)
    TIM_TimeBaseInit                         0x08003273   Thumb Code   104  stm32f4xx_tim.o(.text)
    TIM_TimeBaseStructInit                   0x080032db   Thumb Code    18  stm32f4xx_tim.o(.text)
    TIM_PrescalerConfig                      0x080032ed   Thumb Code     6  stm32f4xx_tim.o(.text)
    TIM_CounterModeConfig                    0x080032f3   Thumb Code    18  stm32f4xx_tim.o(.text)
    TIM_SetCounter                           0x08003305   Thumb Code     4  stm32f4xx_tim.o(.text)
    TIM_SetAutoreload                        0x08003309   Thumb Code     4  stm32f4xx_tim.o(.text)
    TIM_GetCounter                           0x0800330d   Thumb Code     6  stm32f4xx_tim.o(.text)
    TIM_GetPrescaler                         0x08003313   Thumb Code     6  stm32f4xx_tim.o(.text)
    TIM_UpdateDisableConfig                  0x08003319   Thumb Code    24  stm32f4xx_tim.o(.text)
    TIM_UpdateRequestConfig                  0x08003331   Thumb Code    24  stm32f4xx_tim.o(.text)
    TIM_ARRPreloadConfig                     0x08003349   Thumb Code    24  stm32f4xx_tim.o(.text)
    TIM_SelectOnePulseMode                   0x08003361   Thumb Code    18  stm32f4xx_tim.o(.text)
    TIM_SetClockDivision                     0x08003373   Thumb Code    18  stm32f4xx_tim.o(.text)
    TIM_Cmd                                  0x08003385   Thumb Code    24  stm32f4xx_tim.o(.text)
    TIM_OC1Init                              0x0800339d   Thumb Code   114  stm32f4xx_tim.o(.text)
    TIM_OC2Init                              0x0800340f   Thumb Code   154  stm32f4xx_tim.o(.text)
    TIM_OC3Init                              0x080034a9   Thumb Code   204  stm32f4xx_tim.o(.text)
    TIM_OC4Init                              0x08003575   Thumb Code   112  stm32f4xx_tim.o(.text)
    TIM_OCStructInit                         0x080035e5   Thumb Code    20  stm32f4xx_tim.o(.text)
    TIM_SelectOCxM                           0x080035f9   Thumb Code    86  stm32f4xx_tim.o(.text)
    TIM_SetCompare1                          0x0800364f   Thumb Code     4  stm32f4xx_tim.o(.text)
    TIM_SetCompare2                          0x08003653   Thumb Code     4  stm32f4xx_tim.o(.text)
    TIM_SetCompare3                          0x08003657   Thumb Code     4  stm32f4xx_tim.o(.text)
    TIM_SetCompare4                          0x0800365b   Thumb Code     4  stm32f4xx_tim.o(.text)
    TIM_ForcedOC1Config                      0x0800365f   Thumb Code    18  stm32f4xx_tim.o(.text)
    TIM_ForcedOC2Config                      0x08003671   Thumb Code    26  stm32f4xx_tim.o(.text)
    TIM_ForcedOC3Config                      0x0800368b   Thumb Code    18  stm32f4xx_tim.o(.text)
    TIM_ForcedOC4Config                      0x0800369d   Thumb Code    26  stm32f4xx_tim.o(.text)
    TIM_OC1PreloadConfig                     0x080036b7   Thumb Code    18  stm32f4xx_tim.o(.text)
    TIM_OC2PreloadConfig                     0x080036c9   Thumb Code    26  stm32f4xx_tim.o(.text)
    TIM_OC3PreloadConfig                     0x080036e3   Thumb Code    18  stm32f4xx_tim.o(.text)
    TIM_OC4PreloadConfig                     0x080036f5   Thumb Code    26  stm32f4xx_tim.o(.text)
    TIM_OC1FastConfig                        0x0800370f   Thumb Code    18  stm32f4xx_tim.o(.text)
    TIM_OC2FastConfig                        0x08003721   Thumb Code    26  stm32f4xx_tim.o(.text)
    TIM_OC3FastConfig                        0x0800373b   Thumb Code    18  stm32f4xx_tim.o(.text)
    TIM_OC4FastConfig                        0x0800374d   Thumb Code    26  stm32f4xx_tim.o(.text)
    TIM_ClearOC1Ref                          0x08003767   Thumb Code    18  stm32f4xx_tim.o(.text)
    TIM_ClearOC2Ref                          0x08003779   Thumb Code    24  stm32f4xx_tim.o(.text)
    TIM_ClearOC3Ref                          0x08003791   Thumb Code    18  stm32f4xx_tim.o(.text)
    TIM_ClearOC4Ref                          0x080037a3   Thumb Code    24  stm32f4xx_tim.o(.text)
    TIM_OC1PolarityConfig                    0x080037bb   Thumb Code    18  stm32f4xx_tim.o(.text)
    TIM_OC1NPolarityConfig                   0x080037cd   Thumb Code    18  stm32f4xx_tim.o(.text)
    TIM_OC2PolarityConfig                    0x080037df   Thumb Code    26  stm32f4xx_tim.o(.text)
    TIM_OC2NPolarityConfig                   0x080037f9   Thumb Code    26  stm32f4xx_tim.o(.text)
    TIM_OC3PolarityConfig                    0x08003813   Thumb Code    26  stm32f4xx_tim.o(.text)
    TIM_OC3NPolarityConfig                   0x0800382d   Thumb Code    26  stm32f4xx_tim.o(.text)
    TIM_OC4PolarityConfig                    0x08003847   Thumb Code    26  stm32f4xx_tim.o(.text)
    TIM_CCxCmd                               0x08003861   Thumb Code    30  stm32f4xx_tim.o(.text)
    TIM_CCxNCmd                              0x0800387f   Thumb Code    30  stm32f4xx_tim.o(.text)
    TIM_SetIC4Prescaler                      0x0800389d   Thumb Code    26  stm32f4xx_tim.o(.text)
    TIM_SetIC3Prescaler                      0x08003907   Thumb Code    18  stm32f4xx_tim.o(.text)
    TIM_SetIC2Prescaler                      0x08003961   Thumb Code    26  stm32f4xx_tim.o(.text)
    TIM_SetIC1Prescaler                      0x080039d5   Thumb Code    18  stm32f4xx_tim.o(.text)
    TIM_ICInit                               0x08003a21   Thumb Code   110  stm32f4xx_tim.o(.text)
    TIM_ICStructInit                         0x08003a8f   Thumb Code    18  stm32f4xx_tim.o(.text)
    TIM_PWMIConfig                           0x08003aa1   Thumb Code   124  stm32f4xx_tim.o(.text)
    TIM_GetCapture1                          0x08003b1d   Thumb Code     6  stm32f4xx_tim.o(.text)
    TIM_GetCapture2                          0x08003b23   Thumb Code     6  stm32f4xx_tim.o(.text)
    TIM_GetCapture3                          0x08003b29   Thumb Code     6  stm32f4xx_tim.o(.text)
    TIM_GetCapture4                          0x08003b2f   Thumb Code     6  stm32f4xx_tim.o(.text)
    TIM_BDTRConfig                           0x08003b35   Thumb Code    32  stm32f4xx_tim.o(.text)
    TIM_BDTRStructInit                       0x08003b55   Thumb Code    18  stm32f4xx_tim.o(.text)
    TIM_CtrlPWMOutputs                       0x08003b67   Thumb Code    30  stm32f4xx_tim.o(.text)
    TIM_SelectCOM                            0x08003b85   Thumb Code    24  stm32f4xx_tim.o(.text)
    TIM_CCPreloadControl                     0x08003b9d   Thumb Code    24  stm32f4xx_tim.o(.text)
    TIM_ITConfig                             0x08003bb5   Thumb Code    18  stm32f4xx_tim.o(.text)
    TIM_GenerateEvent                        0x08003bc7   Thumb Code     4  stm32f4xx_tim.o(.text)
    TIM_GetFlagStatus                        0x08003bcb   Thumb Code    18  stm32f4xx_tim.o(.text)
    TIM_ClearFlag                            0x08003bdd   Thumb Code     6  stm32f4xx_tim.o(.text)
    TIM_GetITStatus                          0x08003be3   Thumb Code    34  stm32f4xx_tim.o(.text)
    TIM_ClearITPendingBit                    0x08003c05   Thumb Code     6  stm32f4xx_tim.o(.text)
    TIM_DMAConfig                            0x08003c0b   Thumb Code    10  stm32f4xx_tim.o(.text)
    TIM_DMACmd                               0x08003c15   Thumb Code    18  stm32f4xx_tim.o(.text)
    TIM_SelectCCDMA                          0x08003c27   Thumb Code    24  stm32f4xx_tim.o(.text)
    TIM_InternalClockConfig                  0x08003c3f   Thumb Code    12  stm32f4xx_tim.o(.text)
    TIM_SelectInputTrigger                   0x08003c4b   Thumb Code    18  stm32f4xx_tim.o(.text)
    TIM_ITRxExternalClockConfig              0x08003c5d   Thumb Code    24  stm32f4xx_tim.o(.text)
    TIM_TIxExternalClockConfig               0x08003c75   Thumb Code    62  stm32f4xx_tim.o(.text)
    TIM_ETRConfig                            0x08003cb3   Thumb Code    28  stm32f4xx_tim.o(.text)
    TIM_ETRClockMode1Config                  0x08003ccf   Thumb Code    54  stm32f4xx_tim.o(.text)
    TIM_ETRClockMode2Config                  0x08003d05   Thumb Code    32  stm32f4xx_tim.o(.text)
    TIM_SelectOutputTrigger                  0x08003d25   Thumb Code    18  stm32f4xx_tim.o(.text)
    TIM_SelectSlaveMode                      0x08003d37   Thumb Code    18  stm32f4xx_tim.o(.text)
    TIM_SelectMasterSlaveMode                0x08003d49   Thumb Code    18  stm32f4xx_tim.o(.text)
    TIM_EncoderInterfaceConfig               0x08003d5b   Thumb Code    66  stm32f4xx_tim.o(.text)
    TIM_SelectHallSensor                     0x08003d9d   Thumb Code    24  stm32f4xx_tim.o(.text)
    TIM_RemapConfig                          0x08003db5   Thumb Code     6  stm32f4xx_tim.o(.text)
    USART_DeInit                             0x08003dbd   Thumb Code   156  stm32f4xx_usart.o(.text)
    USART_Init                               0x08003e59   Thumb Code   204  stm32f4xx_usart.o(.text)
    USART_StructInit                         0x08003f25   Thumb Code    24  stm32f4xx_usart.o(.text)
    USART_ClockInit                          0x08003f3d   Thumb Code    32  stm32f4xx_usart.o(.text)
    USART_ClockStructInit                    0x08003f5d   Thumb Code    12  stm32f4xx_usart.o(.text)
    USART_Cmd                                0x08003f69   Thumb Code    24  stm32f4xx_usart.o(.text)
    USART_SetPrescaler                       0x08003f81   Thumb Code    16  stm32f4xx_usart.o(.text)
    USART_OverSampling8Cmd                   0x08003f91   Thumb Code    22  stm32f4xx_usart.o(.text)
    USART_OneBitMethodCmd                    0x08003fa7   Thumb Code    24  stm32f4xx_usart.o(.text)
    USART_SendData                           0x08003fbf   Thumb Code     8  stm32f4xx_usart.o(.text)
    USART_ReceiveData                        0x08003fc7   Thumb Code    10  stm32f4xx_usart.o(.text)
    USART_SetAddress                         0x08003fd1   Thumb Code    18  stm32f4xx_usart.o(.text)
    USART_ReceiverWakeUpCmd                  0x08003fe3   Thumb Code    24  stm32f4xx_usart.o(.text)
    USART_WakeUpConfig                       0x08003ffb   Thumb Code    18  stm32f4xx_usart.o(.text)
    USART_LINBreakDetectLengthConfig         0x0800400d   Thumb Code    18  stm32f4xx_usart.o(.text)
    USART_LINCmd                             0x0800401f   Thumb Code    24  stm32f4xx_usart.o(.text)
    USART_SendBreak                          0x08004037   Thumb Code    10  stm32f4xx_usart.o(.text)
    USART_HalfDuplexCmd                      0x08004041   Thumb Code    24  stm32f4xx_usart.o(.text)
    USART_SetGuardTime                       0x08004059   Thumb Code    16  stm32f4xx_usart.o(.text)
    USART_SmartCardCmd                       0x08004069   Thumb Code    24  stm32f4xx_usart.o(.text)
    USART_SmartCardNACKCmd                   0x08004081   Thumb Code    24  stm32f4xx_usart.o(.text)
    USART_IrDAConfig                         0x08004099   Thumb Code    18  stm32f4xx_usart.o(.text)
    USART_IrDACmd                            0x080040ab   Thumb Code    24  stm32f4xx_usart.o(.text)
    USART_DMACmd                             0x080040c3   Thumb Code    18  stm32f4xx_usart.o(.text)
    USART_ITConfig                           0x080040d5   Thumb Code    74  stm32f4xx_usart.o(.text)
    USART_GetFlagStatus                      0x0800411f   Thumb Code    26  stm32f4xx_usart.o(.text)
    USART_ClearFlag                          0x08004139   Thumb Code    18  stm32f4xx_usart.o(.text)
    USART_GetITStatus                        0x0800414b   Thumb Code   110  stm32f4xx_usart.o(.text)
    USART_ClearITPendingBit                  0x080041b9   Thumb Code    30  stm32f4xx_usart.o(.text)
    CPU_NameClr                              0x080041d9   Thumb Code    42  cpu_core.o(.text)
    CPU_Init                                 0x08004219   Thumb Code    12  cpu_core.o(.text)
    CPU_SW_Exception                         0x08004225   Thumb Code     4  cpu_core.o(.text)
    CPU_NameGet                              0x08004229   Thumb Code    70  cpu_core.o(.text)
    CPU_NameSet                              0x0800426f   Thumb Code    96  cpu_core.o(.text)
    CPU_TS_Get32                             0x080042cf   Thumb Code    12  cpu_core.o(.text)
    CPU_TS_Update                            0x080042db   Thumb Code     2  cpu_core.o(.text)
    CPU_TS_TmrFreqGet                        0x080042dd   Thumb Code    30  cpu_core.o(.text)
    CPU_TS_TmrFreqSet                        0x080042fb   Thumb Code     6  cpu_core.o(.text)
    CPU_CntLeadZeros08                       0x08004301   Thumb Code    18  cpu_core.o(.text)
    CPU_CntLeadZeros16                       0x08004313   Thumb Code    18  cpu_core.o(.text)
    CPU_CntLeadZeros32                       0x08004325   Thumb Code    18  cpu_core.o(.text)
    CPU_CntLeadZeros64                       0x08004337   Thumb Code   192  cpu_core.o(.text)
    CPU_CntTrailZeros08                      0x080043f7   Thumb Code    22  cpu_core.o(.text)
    CPU_CntTrailZeros16                      0x0800440d   Thumb Code    22  cpu_core.o(.text)
    CPU_CntTrailZeros32                      0x08004423   Thumb Code    22  cpu_core.o(.text)
    CPU_CntTrailZeros64                      0x08004439   Thumb Code    62  cpu_core.o(.text)
    CPU_IntDis                               0x08004485   Thumb Code     0  cpu_a.o(.text)
    CPU_IntEn                                0x08004489   Thumb Code     0  cpu_a.o(.text)
    CPU_SR_Save                              0x0800448d   Thumb Code     0  cpu_a.o(.text)
    CPU_SR_Restore                           0x08004495   Thumb Code     0  cpu_a.o(.text)
    CPU_WaitForInt                           0x0800449b   Thumb Code     0  cpu_a.o(.text)
    CPU_WaitForExcept                        0x0800449f   Thumb Code     0  cpu_a.o(.text)
    CPU_CntLeadZeros                         0x080044a3   Thumb Code     0  cpu_a.o(.text)
    CPU_CntTrailZeros                        0x080044a9   Thumb Code     0  cpu_a.o(.text)
    CPU_RevBits                              0x080044b3   Thumb Code     0  cpu_a.o(.text)
    ASCII_IsAlpha                            0x080044b9   Thumb Code    48  lib_ascii.o(.text)
    ASCII_IsAlphaNum                         0x080044e9   Thumb Code    76  lib_ascii.o(.text)
    ASCII_IsLower                            0x08004535   Thumb Code    20  lib_ascii.o(.text)
    ASCII_IsUpper                            0x08004549   Thumb Code    20  lib_ascii.o(.text)
    ASCII_IsDig                              0x0800455d   Thumb Code    20  lib_ascii.o(.text)
    ASCII_IsDigOct                           0x08004571   Thumb Code    20  lib_ascii.o(.text)
    ASCII_IsDigHex                           0x08004585   Thumb Code    36  lib_ascii.o(.text)
    ASCII_IsBlank                            0x080045a9   Thumb Code    20  lib_ascii.o(.text)
    ASCII_IsSpace                            0x080045bd   Thumb Code    36  lib_ascii.o(.text)
    ASCII_IsPrint                            0x080045e1   Thumb Code    20  lib_ascii.o(.text)
    ASCII_IsGraph                            0x080045f5   Thumb Code    20  lib_ascii.o(.text)
    ASCII_IsPunct                            0x08004609   Thumb Code   134  lib_ascii.o(.text)
    ASCII_IsCtrl                             0x0800468f   Thumb Code    26  lib_ascii.o(.text)
    ASCII_ToLower                            0x080046a9   Thumb Code    32  lib_ascii.o(.text)
    ASCII_ToUpper                            0x080046c9   Thumb Code    32  lib_ascii.o(.text)
    ASCII_Cmp                                0x080046e9   Thumb Code    38  lib_ascii.o(.text)
    Math_RandSetSeed                         0x08004711   Thumb Code    40  lib_math.o(.text)
    Math_Init                                0x08004739   Thumb Code    10  lib_math.o(.text)
    Math_RandSeed                            0x08004743   Thumb Code    18  lib_math.o(.text)
    Math_Rand                                0x08004755   Thumb Code    52  lib_math.o(.text)
    Mem_Init                                 0x08004791   Thumb Code     2  lib_mem.o(.text)
    Mem_Set                                  0x08004793   Thumb Code    84  lib_mem.o(.text)
    Mem_Clr                                  0x080047e7   Thumb Code    18  lib_mem.o(.text)
    Mem_Move                                 0x080047f9   Thumb Code   186  lib_mem.o(.text)
    Mem_Cmp                                  0x080048b3   Thumb Code   192  lib_mem.o(.text)
    Str_Len_N                                0x08004975   Thumb Code    28  lib_str.o(.text)
    Str_Len                                  0x08004991   Thumb Code    20  lib_str.o(.text)
    Str_Copy_N                               0x080049a5   Thumb Code    70  lib_str.o(.text)
    Str_Copy                                 0x080049eb   Thumb Code    24  lib_str.o(.text)
    Str_Cat_N                                0x08004a03   Thumb Code    90  lib_str.o(.text)
    Str_Cat                                  0x08004a5d   Thumb Code    24  lib_str.o(.text)
    Str_Cmp_N                                0x08004a75   Thumb Code   156  lib_str.o(.text)
    Str_Cmp                                  0x08004b11   Thumb Code    24  lib_str.o(.text)
    Str_CmpIgnoreCase_N                      0x08004b29   Thumb Code   264  lib_str.o(.text)
    Str_CmpIgnoreCase                        0x08004c31   Thumb Code    24  lib_str.o(.text)
    Str_Char_N                               0x08004c49   Thumb Code    74  lib_str.o(.text)
    Str_Char                                 0x08004c93   Thumb Code    24  lib_str.o(.text)
    Str_Char_Last_N                          0x08004cab   Thumb Code    76  lib_str.o(.text)
    Str_Char_Last                            0x08004cf7   Thumb Code    24  lib_str.o(.text)
    Str_Char_Replace_N                       0x08004d0f   Thumb Code    52  lib_str.o(.text)
    Str_Char_Replace                         0x08004d43   Thumb Code    28  lib_str.o(.text)
    Str_Str_N                                0x08004d5f   Thumb Code   182  lib_str.o(.text)
    Str_Str                                  0x08004e15   Thumb Code    24  lib_str.o(.text)
    Str_FmtNbr_Int32U                        0x08005009   Thumb Code    46  lib_str.o(.text)
    Str_FmtNbr_Int32S                        0x08005037   Thumb Code    62  lib_str.o(.text)
    Str_ParseNbr_Int32U                      0x08005233   Thumb Code    30  lib_str.o(.text)
    Str_ParseNbr_Int32S                      0x08005251   Thumb Code    74  lib_str.o(.text)
    Mem_Copy                                 0x080052a1   Thumb Code     0  lib_mem_a.o(.text)
    OSCfg_Init                               0x080054c1   Thumb Code     2  os_cfg_app.o(.text)
    OS_IdleTask                              0x080054c5   Thumb Code    58  os_core.o(.text)
    OS_IdleTaskInit                          0x080054ff   Thumb Code    68  os_core.o(.text)
    OS_RdyListInit                           0x08005543   Thumb Code    32  os_core.o(.text)
    OSInit                                   0x08005563   Thumb Code   276  os_core.o(.text)
    OSIntEnter                               0x08005677   Thumb Code    34  os_core.o(.text)
    OSIntExit                                0x08005699   Thumb Code   188  os_core.o(.text)
    OSSched                                  0x08005755   Thumb Code   130  os_core.o(.text)
    OSSchedLock                              0x080057d7   Thumb Code    84  os_core.o(.text)
    OSSchedUnlock                            0x0800582b   Thumb Code   116  os_core.o(.text)
    OSSchedRoundRobinCfg                     0x0800589f   Thumb Code   224  os_core.o(.text)
    OS_RdyListMoveHeadToTail                 0x0800597f   Thumb Code    68  os_core.o(.text)
    OSSchedRoundRobinYield                   0x080059c3   Thumb Code   148  os_core.o(.text)
    OSStart                                  0x08005a57   Thumb Code    78  os_core.o(.text)
    OSVersion                                0x08005aa5   Thumb Code    12  os_core.o(.text)
    OS_PendDbgNameAdd                        0x08005ab1   Thumb Code    66  os_core.o(.text)
    OS_PendListInsertPrio                    0x08005af3   Thumb Code   102  os_core.o(.text)
    OS_PendDataInit                          0x08005b59   Thumb Code    38  os_core.o(.text)
    OS_RdyListRemove                         0x08005b7f   Thumb Code    86  os_core.o(.text)
    OS_TaskBlock                             0x08005bd5   Thumb Code    40  os_core.o(.text)
    OS_Pend                                  0x08005bfd   Thumb Code    98  os_core.o(.text)
    OS_PendListRemove1                       0x08005c5f   Thumb Code    66  os_core.o(.text)
    OS_PendListRemove                        0x08005ca1   Thumb Code    48  os_core.o(.text)
    OS_PendAbort1                            0x08005cd1   Thumb Code    36  os_core.o(.text)
    OS_RdyListInsertHead                     0x08005cf5   Thumb Code   128  os_core.o(.text)
    OS_RdyListInsertTail                     0x08005d75   Thumb Code    56  os_core.o(.text)
    OS_RdyListInsert                         0x08005dad   Thumb Code    40  os_core.o(.text)
    OS_PendAbort                             0x08005dd5   Thumb Code   180  os_core.o(.text)
    OS_PendDbgNameRemove                     0x08005e89   Thumb Code    34  os_core.o(.text)
    OS_PendListChangePrio                    0x08005eab   Thumb Code    70  os_core.o(.text)
    OS_PendListInit                          0x08005ef1   Thumb Code    10  os_core.o(.text)
    OS_PendListInsertHead                    0x08005efb   Thumb Code    32  os_core.o(.text)
    OS_PendObjDel1                           0x08005f1b   Thumb Code    36  os_core.o(.text)
    OS_PendObjDel                            0x08005f3f   Thumb Code   176  os_core.o(.text)
    OS_Post1                                 0x08005fef   Thumb Code    42  os_core.o(.text)
    OS_Post                                  0x08006019   Thumb Code   214  os_core.o(.text)
    OS_Sched0                                0x080060ef   Thumb Code    68  os_core.o(.text)
    OS_SchedRoundRobin                       0x08006133   Thumb Code   218  os_core.o(.text)
    OS_Dbg_Init                              0x08006219   Thumb Code   144  os_dbg.o(.text)
    OS_FlagDbgListAdd                        0x080063b9   Thumb Code    38  os_flag.o(.text)
    OSFlagCreate                             0x080063df   Thumb Code   156  os_flag.o(.text)
    OS_FlagClr                               0x0800647b   Thumb Code    28  os_flag.o(.text)
    OS_FlagDbgListRemove                     0x08006497   Thumb Code    44  os_flag.o(.text)
    OSFlagDel                                0x080064c3   Thumb Code   576  os_flag.o(.text)
    OS_FlagBlock                             0x08006703   Thumb Code    56  os_flag.o(.text)
    OSFlagPend                               0x0800673b   Thumb Code  1468  os_flag.o(.text)
    OSFlagPendAbort                          0x08006cf7   Thumb Code   274  os_flag.o(.text)
    OSFlagPendGetFlagsRdy                    0x08006e09   Thumb Code    50  os_flag.o(.text)
    OS_FlagTaskRdy                           0x08006e3b   Thumb Code   100  os_flag.o(.text)
    OS_FlagPost                              0x08006e9f   Thumb Code   558  os_flag.o(.text)
    OSFlagPost                               0x080070cd   Thumb Code   146  os_flag.o(.text)
    OS_FlagInit                              0x0800715f   Thumb Code    14  os_flag.o(.text)
    OS_IntQPost                              0x08007181   Thumb Code   216  os_int.o(.text)
    OS_IntQRePost                            0x08007259   Thumb Code   320  os_int.o(.text)
    OS_IntQTask                              0x08007399   Thumb Code   160  os_int.o(.text)
    OS_IntQTaskInit                          0x08007439   Thumb Code   208  os_int.o(.text)
    OS_MemDbgListAdd                         0x0800758d   Thumb Code    34  os_mem.o(.text)
    OSMemCreate                              0x080075af   Thumb Code   272  os_mem.o(.text)
    OSMemGet                                 0x080076bf   Thumb Code   100  os_mem.o(.text)
    OSMemPut                                 0x08007723   Thumb Code   112  os_mem.o(.text)
    OS_MemInit                               0x08007793   Thumb Code    14  os_mem.o(.text)
    OS_MsgPoolInit                           0x080077b1   Thumb Code   110  os_msg.o(.text)
    OS_MsgQFreeAll                           0x0800781f   Thumb Code    62  os_msg.o(.text)
    OS_MsgQInit                              0x0800785d   Thumb Code    14  os_msg.o(.text)
    OS_MsgQGet                               0x0800786b   Thumb Code    98  os_msg.o(.text)
    OS_MsgQPut                               0x080078cd   Thumb Code   254  os_msg.o(.text)
    OS_MutexDbgListAdd                       0x080079d9   Thumb Code    38  os_mutex.o(.text)
    OSMutexCreate                            0x080079ff   Thumb Code   162  os_mutex.o(.text)
    OS_MutexClr                              0x08007aa1   Thumb Code    38  os_mutex.o(.text)
    OS_MutexDbgListRemove                    0x08007ac7   Thumb Code    44  os_mutex.o(.text)
    OSMutexDel                               0x08007af3   Thumb Code   818  os_mutex.o(.text)
    OSMutexPend                              0x08007e25   Thumb Code   690  os_mutex.o(.text)
    OSMutexPendAbort                         0x080080d7   Thumb Code   274  os_mutex.o(.text)
    OSMutexPost                              0x080081e9   Thumb Code   564  os_mutex.o(.text)
    OS_MutexInit                             0x0800841d   Thumb Code    14  os_mutex.o(.text)
    OS_PrioInit                              0x08008445   Thumb Code    20  os_prio.o(.text)
    OS_PrioGetHighest                        0x08008459   Thumb Code    36  os_prio.o(.text)
    OS_PrioInsert                            0x0800847d   Thumb Code    32  os_prio.o(.text)
    OS_PrioRemove                            0x0800849d   Thumb Code    32  os_prio.o(.text)
    OS_QDbgListAdd                           0x080084c1   Thumb Code    38  os_q.o(.text)
    OSQCreate                                0x080084e7   Thumb Code   170  os_q.o(.text)
    OS_QClr                                  0x08008591   Thumb Code    40  os_q.o(.text)
    OS_QDbgListRemove                        0x080085b9   Thumb Code    44  os_q.o(.text)
    OSQDel                                   0x080085e5   Thumb Code   344  os_q.o(.text)
    OSQFlush                                 0x0800873d   Thumb Code   192  os_q.o(.text)
    OSQPend                                  0x080087fd   Thumb Code   518  os_q.o(.text)
    OSQPendAbort                             0x08008a03   Thumb Code   274  os_q.o(.text)
    OS_QPost                                 0x08008b15   Thumb Code   324  os_q.o(.text)
    OSQPost                                  0x08008c59   Thumb Code   192  os_q.o(.text)
    OS_QInit                                 0x08008d19   Thumb Code    14  os_q.o(.text)
    OS_SemDbgListAdd                         0x08008d39   Thumb Code    38  os_sem.o(.text)
    OSSemCreate                              0x08008d5f   Thumb Code   156  os_sem.o(.text)
    OS_SemClr                                0x08008dfb   Thumb Code    28  os_sem.o(.text)
    OS_SemDbgListRemove                      0x08008e17   Thumb Code    44  os_sem.o(.text)
    OSSemDel                                 0x08008e43   Thumb Code   344  os_sem.o(.text)
    OSSemPend                                0x08008f9b   Thumb Code   482  os_sem.o(.text)
    OSSemPendAbort                           0x0800917d   Thumb Code   274  os_sem.o(.text)
    OS_SemPost                               0x0800928f   Thumb Code   350  os_sem.o(.text)
    OSSemPost                                0x080093ed   Thumb Code   144  os_sem.o(.text)
    OSSemSet                                 0x0800947d   Thumb Code   104  os_sem.o(.text)
    OS_SemInit                               0x080094e5   Thumb Code    14  os_sem.o(.text)
    OSStatReset                              0x0800950d   Thumb Code   256  os_stat.o(.text)
    OSStatTaskCPUUsageInit                   0x0800960d   Thumb Code   168  os_stat.o(.text)
    OS_StatTask                              0x080096b5   Thumb Code   876  os_stat.o(.text)
    OS_StatTaskInit                          0x08009a21   Thumb Code   138  os_stat.o(.text)
    OSTaskChangePrio                         0x08009af5   Thumb Code   400  os_task.o(.text)
    OS_TaskDbgListAdd                        0x08009c85   Thumb Code    42  os_task.o(.text)
    OS_TaskInitTCB                           0x08009caf   Thumb Code   176  os_task.o(.text)
    OSTaskCreate                             0x08009d5f   Thumb Code   606  os_task.o(.text)
    OS_TaskDbgListRemove                     0x08009fbd   Thumb Code    64  os_task.o(.text)
    OSTaskDel                                0x08009ffd   Thumb Code   408  os_task.o(.text)
    OSTaskQFlush                             0x0800a195   Thumb Code   196  os_task.o(.text)
    OSTaskQPend                              0x0800a259   Thumb Code   526  os_task.o(.text)
    OS_TaskQPost                             0x0800a467   Thumb Code   510  os_task.o(.text)
    OSTaskQPost                              0x0800a665   Thumb Code   114  os_task.o(.text)
    OSTaskRegGet                             0x0800a6d7   Thumb Code    78  os_task.o(.text)
    OSTaskRegGetID                           0x0800a725   Thumb Code    84  os_task.o(.text)
    OSTaskRegSet                             0x0800a779   Thumb Code   104  os_task.o(.text)
    OS_TaskResume                            0x0800a7e1   Thumb Code   314  os_task.o(.text)
    OSTaskResume                             0x0800a91b   Thumb Code   112  os_task.o(.text)
    OSTaskSemPend                            0x0800a98b   Thumb Code   502  os_task.o(.text)
    OSTaskSemPendAbort                       0x0800ab81   Thumb Code   270  os_task.o(.text)
    OS_TaskSemPost                           0x0800ac8f   Thumb Code  1218  os_task.o(.text)
    OSTaskSemPost                            0x0800b151   Thumb Code    98  os_task.o(.text)
    OSTaskSemSet                             0x0800b1b3   Thumb Code    62  os_task.o(.text)
    OSTaskStkChk                             0x0800b1f1   Thumb Code   188  os_task.o(.text)
    OS_TaskSuspend                           0x0800b2ad   Thumb Code   328  os_task.o(.text)
    OSTaskSuspend                            0x0800b3f5   Thumb Code    78  os_task.o(.text)
    OSTaskTimeQuantaSet                      0x0800b443   Thumb Code   114  os_task.o(.text)
    OS_TaskInit                              0x0800b4b5   Thumb Code    18  os_task.o(.text)
    OS_TaskReturn                            0x0800b4c7   Thumb Code    20  os_task.o(.text)
    OS_TickTask                              0x0800b71f   Thumb Code   204  os_tick.o(.text)
    OS_TickTaskInit                          0x0800b7eb   Thumb Code   142  os_tick.o(.text)
    OS_TickListInsert                        0x0800b879   Thumb Code   208  os_tick.o(.text)
    OS_TickListInsertDly                     0x0800b949   Thumb Code   180  os_tick.o(.text)
    OS_TickListRemove                        0x0800b9fd   Thumb Code    88  os_tick.o(.text)
    OS_TickListResetPeak                     0x0800ba55   Thumb Code     2  os_tick.o(.text)
    OSTimeDly                                0x0800ba61   Thumb Code   240  os_time.o(.text)
    OSTimeDlyHMSM                            0x0800bb51   Thumb Code   454  os_time.o(.text)
    OSTimeDlyResume                          0x0800bd17   Thumb Code   448  os_time.o(.text)
    OSTimeGet                                0x0800bed7   Thumb Code    46  os_time.o(.text)
    OSTimeSet                                0x0800bf05   Thumb Code    46  os_time.o(.text)
    OSTimeTick                               0x0800bf33   Thumb Code    54  os_time.o(.text)
    OSIdleTaskHook                           0x0800bf79   Thumb Code    16  os_cpu_c.o(.text)
    OSInitHook                               0x0800bf89   Thumb Code    28  os_cpu_c.o(.text)
    OSStatTaskHook                           0x0800bfa5   Thumb Code    16  os_cpu_c.o(.text)
    OSTaskCreateHook                         0x0800bfb5   Thumb Code    20  os_cpu_c.o(.text)
    OSTaskDelHook                            0x0800bfc9   Thumb Code    20  os_cpu_c.o(.text)
    OSTaskReturnHook                         0x0800bfdd   Thumb Code    20  os_cpu_c.o(.text)
    OSTaskStkInit                            0x0800bff1   Thumb Code   204  os_cpu_c.o(.text)
    OSTaskSwHook                             0x0800c0bd   Thumb Code    86  os_cpu_c.o(.text)
    OSTimeTickHook                           0x0800c113   Thumb Code    16  os_cpu_c.o(.text)
    OS_CPU_SysTickHandler                    0x0800c123   Thumb Code    52  os_cpu_c.o(.text)
    OS_CPU_SysTickInit                       0x0800c157   Thumb Code    44  os_cpu_c.o(.text)
    __aeabi_uldivmod                         0x0800c1c1   Thumb Code    98  uldiv.o(.text)
    __aeabi_memcpy                           0x0800c223   Thumb Code    36  memcpya.o(.text)
    __aeabi_memcpy4                          0x0800c223   Thumb Code     0  memcpya.o(.text)
    __aeabi_memcpy8                          0x0800c223   Thumb Code     0  memcpya.o(.text)
    __aeabi_memset                           0x0800c247   Thumb Code    14  memseta.o(.text)
    __aeabi_memset4                          0x0800c247   Thumb Code     0  memseta.o(.text)
    __aeabi_memset8                          0x0800c247   Thumb Code     0  memseta.o(.text)
    __aeabi_memclr                           0x0800c255   Thumb Code     4  memseta.o(.text)
    __aeabi_memclr4                          0x0800c255   Thumb Code     0  memseta.o(.text)
    __aeabi_memclr8                          0x0800c255   Thumb Code     0  memseta.o(.text)
    _memset$wrapper                          0x0800c259   Thumb Code    18  memseta.o(.text)
    strcat                                   0x0800c26b   Thumb Code    24  strcat.o(.text)
    strlen                                   0x0800c283   Thumb Code    14  strlen.o(.text)
    strcmp                                   0x0800c291   Thumb Code    28  strcmp.o(.text)
    strcpy                                   0x0800c2ad   Thumb Code    18  strcpy.o(.text)
    __aeabi_dadd                             0x0800c2bf   Thumb Code   322  dadd.o(.text)
    __aeabi_dsub                             0x0800c401   Thumb Code     6  dadd.o(.text)
    __aeabi_drsub                            0x0800c407   Thumb Code     6  dadd.o(.text)
    __aeabi_dmul                             0x0800c40d   Thumb Code   228  dmul.o(.text)
    __aeabi_ddiv                             0x0800c4f1   Thumb Code   222  ddiv.o(.text)
    __aeabi_i2d                              0x0800c5cf   Thumb Code    34  dflti.o(.text)
    __aeabi_d2iz                             0x0800c5f1   Thumb Code    62  dfixi.o(.text)
    __aeabi_llsl                             0x0800c62f   Thumb Code    30  llshl.o(.text)
    _ll_shift_l                              0x0800c62f   Thumb Code     0  llshl.o(.text)
    __aeabi_llsr                             0x0800c64d   Thumb Code    32  llushr.o(.text)
    _ll_ushift_r                             0x0800c64d   Thumb Code     0  llushr.o(.text)
    __aeabi_lasr                             0x0800c66d   Thumb Code    36  llsshr.o(.text)
    _ll_sshift_r                             0x0800c66d   Thumb Code     0  llsshr.o(.text)
    __I$use$fp                               0x0800c691   Thumb Code     0  iusefp.o(.text)
    _double_round                            0x0800c691   Thumb Code    26  depilogue.o(.text)
    _double_epilogue                         0x0800c6ab   Thumb Code   156  depilogue.o(.text)
    __ARM_scalbn                             0x0800c747   Thumb Code    46  dscalb.o(.text)
    scalbn                                   0x0800c747   Thumb Code     0  dscalb.o(.text)
    __aeabi_cdrcmple                         0x0800c775   Thumb Code    38  cdrcmple.o(.text)
    __scatterload                            0x0800c79d   Thumb Code    28  init.o(.text)
    __scatterload_rt2                        0x0800c79d   Thumb Code     0  init.o(.text)
    _dsqrt                                   0x0800c7c1   Thumb Code   162  dsqrt.o(.text)
    __decompress                             0x0800c863   Thumb Code     0  __dczerorl2.o(.text)
    __decompress1                            0x0800c863   Thumb Code    86  __dczerorl2.o(.text)
    OSStartHighRdy                           0x0800c8b9   Thumb Code     0  os_cpu_a.o(CODE)
    OSCtxSw                                  0x0800c8db   Thumb Code     0  os_cpu_a.o(CODE)
    OSIntCtxSw                               0x0800c8e5   Thumb Code     0  os_cpu_a.o(CODE)
    OS_CPU_PendSVHandler                     0x0800c8ef   Thumb Code     0  os_cpu_a.o(CODE)
    __ARM_fpclassify                         0x0800c961   Thumb Code    48  fpclassify.o(i.__ARM_fpclassify)
    __hardfp_fabs                            0x0800c991   Thumb Code    20  fabs.o(i.__hardfp_fabs)
    __hardfp_pow                             0x0800c9a9   Thumb Code  3048  pow.o(i.__hardfp_pow)
    __kernel_poly                            0x0800d5e1   Thumb Code   248  poly.o(i.__kernel_poly)
    __mathlib_dbl_underflow                  0x0800d6d9   Thumb Code    24  dunder.o(i.__mathlib_dbl_underflow)
    __scatterload_copy                       0x0800d6f9   Thumb Code    14  handlers.o(i.__scatterload_copy)
    __scatterload_null                       0x0800d707   Thumb Code     2  handlers.o(i.__scatterload_null)
    __scatterload_zeroinit                   0x0800d709   Thumb Code    14  handlers.o(i.__scatterload_zeroinit)
    __set_errno                              0x0800d719   Thumb Code     6  errno.o(i.__set_errno)
    fabs                                     0x0800d725   Thumb Code    24  fabs.o(i.fabs)
    sqrt                                     0x0800d73d   Thumb Code   110  sqrt.o(i.sqrt)
    CPU_EndiannessTest                       0x0800d8ac   Data           4  cpu_core.o(.constdata)
    OSCfg_IdleTaskStkBasePtr                 0x0800d944   Data           4  os_cfg_app.o(.constdata)
    OSCfg_IdleTaskStkLimit                   0x0800d948   Data           4  os_cfg_app.o(.constdata)
    OSCfg_IdleTaskStkSize                    0x0800d94c   Data           4  os_cfg_app.o(.constdata)
    OSCfg_IdleTaskStkSizeRAM                 0x0800d950   Data           4  os_cfg_app.o(.constdata)
    OSCfg_IntQBasePtr                        0x0800d954   Data           4  os_cfg_app.o(.constdata)
    OSCfg_IntQSize                           0x0800d958   Data           2  os_cfg_app.o(.constdata)
    OSCfg_IntQSizeRAM                        0x0800d95c   Data           4  os_cfg_app.o(.constdata)
    OSCfg_IntQTaskStkBasePtr                 0x0800d960   Data           4  os_cfg_app.o(.constdata)
    OSCfg_IntQTaskStkLimit                   0x0800d964   Data           4  os_cfg_app.o(.constdata)
    OSCfg_IntQTaskStkSize                    0x0800d968   Data           4  os_cfg_app.o(.constdata)
    OSCfg_IntQTaskStkSizeRAM                 0x0800d96c   Data           4  os_cfg_app.o(.constdata)
    OSCfg_ISRStkBasePtr                      0x0800d970   Data           4  os_cfg_app.o(.constdata)
    OSCfg_ISRStkSize                         0x0800d974   Data           4  os_cfg_app.o(.constdata)
    OSCfg_ISRStkSizeRAM                      0x0800d978   Data           4  os_cfg_app.o(.constdata)
    OSCfg_MsgPoolSize                        0x0800d97c   Data           2  os_cfg_app.o(.constdata)
    OSCfg_MsgPoolSizeRAM                     0x0800d980   Data           4  os_cfg_app.o(.constdata)
    OSCfg_MsgPoolBasePtr                     0x0800d984   Data           4  os_cfg_app.o(.constdata)
    OSCfg_StatTaskPrio                       0x0800d988   Data           1  os_cfg_app.o(.constdata)
    OSCfg_StatTaskRate_Hz                    0x0800d98c   Data           4  os_cfg_app.o(.constdata)
    OSCfg_StatTaskStkBasePtr                 0x0800d990   Data           4  os_cfg_app.o(.constdata)
    OSCfg_StatTaskStkLimit                   0x0800d994   Data           4  os_cfg_app.o(.constdata)
    OSCfg_StatTaskStkSize                    0x0800d998   Data           4  os_cfg_app.o(.constdata)
    OSCfg_StatTaskStkSizeRAM                 0x0800d99c   Data           4  os_cfg_app.o(.constdata)
    OSCfg_StkSizeMin                         0x0800d9a0   Data           4  os_cfg_app.o(.constdata)
    OSCfg_TickRate_Hz                        0x0800d9a4   Data           4  os_cfg_app.o(.constdata)
    OSCfg_TickTaskPrio                       0x0800d9a8   Data           1  os_cfg_app.o(.constdata)
    OSCfg_TickTaskStkBasePtr                 0x0800d9ac   Data           4  os_cfg_app.o(.constdata)
    OSCfg_TickTaskStkLimit                   0x0800d9b0   Data           4  os_cfg_app.o(.constdata)
    OSCfg_TickTaskStkSize                    0x0800d9b4   Data           4  os_cfg_app.o(.constdata)
    OSCfg_TickTaskStkSizeRAM                 0x0800d9b8   Data           4  os_cfg_app.o(.constdata)
    OSCfg_TmrTaskPrio                        0x0800d9bc   Data           1  os_cfg_app.o(.constdata)
    OSCfg_TmrTaskRate_Hz                     0x0800d9c0   Data           4  os_cfg_app.o(.constdata)
    OSCfg_TmrTaskStkBasePtr                  0x0800d9c4   Data           4  os_cfg_app.o(.constdata)
    OSCfg_TmrTaskStkLimit                    0x0800d9c8   Data           4  os_cfg_app.o(.constdata)
    OSCfg_TmrTaskStkSize                     0x0800d9cc   Data           4  os_cfg_app.o(.constdata)
    OSCfg_TmrTaskStkSizeRAM                  0x0800d9d0   Data           4  os_cfg_app.o(.constdata)
    OSCfg_DataSizeRAM                        0x0800d9d4   Data           4  os_cfg_app.o(.constdata)
    OSDbg_DbgEn                              0x0800d9d8   Data           1  os_dbg.o(.constdata)
    OSDbg_ArgChkEn                           0x0800d9d9   Data           1  os_dbg.o(.constdata)
    OSDbg_AppHooksEn                         0x0800d9da   Data           1  os_dbg.o(.constdata)
    OSDbg_EndiannessTest                     0x0800d9dc   Data           4  os_dbg.o(.constdata)
    OSDbg_CalledFromISRChkEn                 0x0800d9e0   Data           1  os_dbg.o(.constdata)
    OSDbg_FlagEn                             0x0800d9e1   Data           1  os_dbg.o(.constdata)
    OSDbg_FlagGrp                            0x0800d9e4   Data          40  os_dbg.o(.constdata)
    OSDbg_FlagDelEn                          0x0800da0c   Data           1  os_dbg.o(.constdata)
    OSDbg_FlagModeClrEn                      0x0800da0d   Data           1  os_dbg.o(.constdata)
    OSDbg_FlagPendAbortEn                    0x0800da0e   Data           1  os_dbg.o(.constdata)
    OSDbg_FlagGrpSize                        0x0800da10   Data           2  os_dbg.o(.constdata)
    OSDbg_FlagWidth                          0x0800da12   Data           2  os_dbg.o(.constdata)
    OSDbg_IntQ                               0x0800da14   Data           2  os_dbg.o(.constdata)
    OSDbg_ISRPostDeferredEn                  0x0800da16   Data           1  os_dbg.o(.constdata)
    OSDbg_Mem                                0x0800da18   Data          32  os_dbg.o(.constdata)
    OSDbg_MemEn                              0x0800da38   Data           1  os_dbg.o(.constdata)
    OSDbg_MemSize                            0x0800da3a   Data           2  os_dbg.o(.constdata)
    OSDbg_MsgEn                              0x0800da3c   Data           1  os_dbg.o(.constdata)
    OSDbg_MsgSize                            0x0800da3e   Data           2  os_dbg.o(.constdata)
    OSDbg_MsgPoolSize                        0x0800da40   Data           2  os_dbg.o(.constdata)
    OSDbg_MsgQSize                           0x0800da42   Data           2  os_dbg.o(.constdata)
    OSDbg_Mutex                              0x0800da44   Data          44  os_dbg.o(.constdata)
    OSDbg_MutexEn                            0x0800da70   Data           1  os_dbg.o(.constdata)
    OSDbg_MutexDelEn                         0x0800da71   Data           1  os_dbg.o(.constdata)
    OSDbg_MutexPendAbortEn                   0x0800da72   Data           1  os_dbg.o(.constdata)
    OSDbg_MutexSize                          0x0800da74   Data           2  os_dbg.o(.constdata)
    OSDbg_ObjTypeChkEn                       0x0800da76   Data           1  os_dbg.o(.constdata)
    OSDbg_PendMultiEn                        0x0800da77   Data           1  os_dbg.o(.constdata)
    OSDbg_PendDataSize                       0x0800da78   Data           2  os_dbg.o(.constdata)
    OSDbg_PendListSize                       0x0800da7a   Data           2  os_dbg.o(.constdata)
    OSDbg_PendObjSize                        0x0800da7c   Data           2  os_dbg.o(.constdata)
    OSDbg_PrioMax                            0x0800da7e   Data           2  os_dbg.o(.constdata)
    OSDbg_PrioTblSize                        0x0800da80   Data           2  os_dbg.o(.constdata)
    OSDbg_PtrSize                            0x0800da82   Data           2  os_dbg.o(.constdata)
    OSDbg_Q                                  0x0800da84   Data          48  os_dbg.o(.constdata)
    OSDbg_QEn                                0x0800dab4   Data           1  os_dbg.o(.constdata)
    OSDbg_QDelEn                             0x0800dab5   Data           1  os_dbg.o(.constdata)
    OSDbg_QFlushEn                           0x0800dab6   Data           1  os_dbg.o(.constdata)
    OSDbg_QPendAbortEn                       0x0800dab7   Data           1  os_dbg.o(.constdata)
    OSDbg_QSize                              0x0800dab8   Data           2  os_dbg.o(.constdata)
    OSDbg_SchedRoundRobinEn                  0x0800daba   Data           1  os_dbg.o(.constdata)
    OSDbg_Sem                                0x0800dabc   Data          40  os_dbg.o(.constdata)
    OSDbg_SemEn                              0x0800dae4   Data           1  os_dbg.o(.constdata)
    OSDbg_SemDelEn                           0x0800dae5   Data           1  os_dbg.o(.constdata)
    OSDbg_SemPendAbortEn                     0x0800dae6   Data           1  os_dbg.o(.constdata)
    OSDbg_SemSetEn                           0x0800dae7   Data           1  os_dbg.o(.constdata)
    OSDbg_SemSize                            0x0800dae8   Data           2  os_dbg.o(.constdata)
    OSDbg_RdyList                            0x0800daea   Data           2  os_dbg.o(.constdata)
    OSDbg_RdyListSize                        0x0800daec   Data           4  os_dbg.o(.constdata)
    OSDbg_StkWidth                           0x0800daf0   Data           1  os_dbg.o(.constdata)
    OSDbg_StatTaskEn                         0x0800daf1   Data           1  os_dbg.o(.constdata)
    OSDbg_StatTaskStkChkEn                   0x0800daf2   Data           1  os_dbg.o(.constdata)
    OSDbg_TaskChangePrioEn                   0x0800daf3   Data           1  os_dbg.o(.constdata)
    OSDbg_TaskDelEn                          0x0800daf4   Data           1  os_dbg.o(.constdata)
    OSDbg_TaskQEn                            0x0800daf5   Data           1  os_dbg.o(.constdata)
    OSDbg_TaskQPendAbortEn                   0x0800daf6   Data           1  os_dbg.o(.constdata)
    OSDbg_TaskProfileEn                      0x0800daf7   Data           1  os_dbg.o(.constdata)
    OSDbg_TaskRegTblSize                     0x0800daf8   Data           2  os_dbg.o(.constdata)
    OSDbg_TaskSemPendAbortEn                 0x0800dafa   Data           1  os_dbg.o(.constdata)
    OSDbg_TaskSuspendEn                      0x0800dafb   Data           1  os_dbg.o(.constdata)
    OSDbg_TCBSize                            0x0800dafc   Data           2  os_dbg.o(.constdata)
    OSDbg_TickListSize                       0x0800dafe   Data           2  os_dbg.o(.constdata)
    OSDbg_TimeDlyHMSMEn                      0x0800db00   Data           1  os_dbg.o(.constdata)
    OSDbg_TimeDlyResumeEn                    0x0800db01   Data           1  os_dbg.o(.constdata)
    OSDbg_TLS_TblSize                        0x0800db02   Data           2  os_dbg.o(.constdata)
    OSDbg_Tmr                                0x0800db04   Data          48  os_dbg.o(.constdata)
    OSDbg_TmrEn                              0x0800db34   Data           1  os_dbg.o(.constdata)
    OSDbg_TmrDelEn                           0x0800db35   Data           1  os_dbg.o(.constdata)
    OSDbg_TmrSize                            0x0800db36   Data           2  os_dbg.o(.constdata)
    OSDbg_VersionNbr                         0x0800db38   Data           2  os_dbg.o(.constdata)
    OSDbg_DataSize                           0x0800db3c   Data           4  os_dbg.o(.constdata)
    __mathlib_zero                           0x0800dbc8   Data           8  qnan.o(.constdata)
    Region$$Table$$Base                      0x0800dbd0   Number         0  anon$$obj.o(Region$$Table)
    Region$$Table$$Limit                     0x0800dbf0   Number         0  anon$$obj.o(Region$$Table)
    cGg                                      0x20000000   Data           4  task_dateconnected.o(.data)
    semTemp                                  0x20000004   Data           4  task_dateconnected.o(.data)
    USART1_RX_STA                            0x20000008   Data           2  task_dateconnected.o(.data)
    USART2_RX_STA                            0x2000000a   Data           2  task_dateconnected.o(.data)
    ModeOkFlage                              0x2000000c   Data           2  task_dateconnected.o(.data)
    ItUp                                     0x20000010   Data           4  stm32f4xx_it.o(.data)
    ItDown                                   0x20000014   Data           4  stm32f4xx_it.o(.data)
    times                                    0x20000018   Data           4  stm32f4xx_it.o(.data)
    ExitFlag                                 0x2000001c   Data           1  stm32f4xx_it.o(.data)
    Usart3RecerveStart                       0x2000001e   Data           2  bsp_usart3.o(.data)
    POINT_COLOR                              0x20000020   Data           2  bsp_lcd2_4_spi.o(.data)
    BACK_COLOR                               0x20000022   Data           2  bsp_lcd2_4_spi.o(.data)
    hanzi                                    0x20000024   Data         256  font.o(.data)
    asc2_1608                                0x20000124   Data        1520  font.o(.data)
    KeyFlag                                  0x20000714   Data           1  bsp_key.o(.data)
    SystemCoreClock                          0x20000718   Data           4  system_stm32f4xx.o(.data)
    AHBPrescTable                            0x2000071c   Data          16  system_stm32f4xx.o(.data)
    CPU_TS_TmrFreq_Hz                        0x2000073c   Data           4  cpu_core.o(.data)
    Math_RandSeedCur                         0x20000740   Data           4  lib_math.o(.data)
    OSPrioTbl                                0x20000744   Data           8  os_prio.o(.data)
    OS_AppTaskCreateHookPtr                  0x2000074c   Data           4  os_var.o(.data)
    OS_AppTaskDelHookPtr                     0x20000750   Data           4  os_var.o(.data)
    OS_AppTaskReturnHookPtr                  0x20000754   Data           4  os_var.o(.data)
    OS_AppIdleTaskHookPtr                    0x20000758   Data           4  os_var.o(.data)
    OS_AppStatTaskHookPtr                    0x2000075c   Data           4  os_var.o(.data)
    OS_AppTaskSwHookPtr                      0x20000760   Data           4  os_var.o(.data)
    OS_AppTimeTickHookPtr                    0x20000764   Data           4  os_var.o(.data)
    OSIdleTaskCtr                            0x20000768   Data           4  os_var.o(.data)
    OSIntNestingCtr                          0x2000076c   Data           1  os_var.o(.data)
    OSRunning                                0x2000076d   Data           1  os_var.o(.data)
    OSIntQInPtr                              0x20000770   Data           4  os_var.o(.data)
    OSIntQOutPtr                             0x20000774   Data           4  os_var.o(.data)
    OSIntQNbrEntries                         0x20000778   Data           2  os_var.o(.data)
    OSIntQNbrEntriesMax                      0x2000077a   Data           2  os_var.o(.data)
    OSIntQOvfCtr                             0x2000077c   Data           2  os_var.o(.data)
    OSIntQTaskTimeMax                        0x20000780   Data           4  os_var.o(.data)
    OSFlagDbgListPtr                         0x20000784   Data           4  os_var.o(.data)
    OSFlagQty                                0x20000788   Data           2  os_var.o(.data)
    OSMemDbgListPtr                          0x2000078c   Data           4  os_var.o(.data)
    OSMemQty                                 0x20000790   Data           2  os_var.o(.data)
    OSMutexDbgListPtr                        0x20000794   Data           4  os_var.o(.data)
    OSMutexQty                               0x20000798   Data           2  os_var.o(.data)
    OSPrioCur                                0x2000079a   Data           1  os_var.o(.data)
    OSPrioHighRdy                            0x2000079b   Data           1  os_var.o(.data)
    OSPrioSaved                              0x2000079c   Data           1  os_var.o(.data)
    OSQDbgListPtr                            0x200007a0   Data           4  os_var.o(.data)
    OSQQty                                   0x200007a4   Data           2  os_var.o(.data)
    OSSchedLockNestingCtr                    0x200007a6   Data           1  os_var.o(.data)
    OSSchedRoundRobinDfltTimeQuanta          0x200007a8   Data           4  os_var.o(.data)
    OSSchedRoundRobinEn                      0x200007ac   Data           1  os_var.o(.data)
    OSSemDbgListPtr                          0x200007b0   Data           4  os_var.o(.data)
    OSSemQty                                 0x200007b4   Data           2  os_var.o(.data)
    OSStatResetFlag                          0x200007b6   Data           1  os_var.o(.data)
    OSStatTaskCPUUsage                       0x200007b8   Data           2  os_var.o(.data)
    OSStatTaskCPUUsageMax                    0x200007ba   Data           2  os_var.o(.data)
    OSStatTaskCtr                            0x200007bc   Data           4  os_var.o(.data)
    OSStatTaskCtrMax                         0x200007c0   Data           4  os_var.o(.data)
    OSStatTaskCtrRun                         0x200007c4   Data           4  os_var.o(.data)
    OSStatTaskRdy                            0x200007c8   Data           1  os_var.o(.data)
    OSStatTaskTimeMax                        0x200007cc   Data           4  os_var.o(.data)
    OSTaskCtxSwCtr                           0x200007d0   Data           4  os_var.o(.data)
    OSTaskDbgListPtr                         0x200007d4   Data           4  os_var.o(.data)
    OSTaskQty                                0x200007d8   Data           2  os_var.o(.data)
    OSTaskRegNextAvailID                     0x200007da   Data           1  os_var.o(.data)
    OSTickCtr                                0x200007dc   Data           4  os_var.o(.data)
    OSTickTaskTimeMax                        0x200007e0   Data           4  os_var.o(.data)
    OSTickListDly                            0x200007e4   Data           8  os_var.o(.data)
    OSTickListTimeout                        0x200007ec   Data           8  os_var.o(.data)
    OSTCBCurPtr                              0x200007f4   Data           4  os_var.o(.data)
    OSTCBHighRdyPtr                          0x200007f8   Data           4  os_var.o(.data)
    OS_CPU_ExceptStkBase                     0x200007fc   Data           4  os_cpu_c.o(.data)
    Usart1RecerveSem                         0x20000804   Data          40  task_dateconnected.o(.bss)
    rece1_buff                               0x2000082c   Data          20  task_dateconnected.o(.bss)
    Usart2RecerveSem                         0x20000840   Data          40  task_dateconnected.o(.bss)
    rece2_buff                               0x20000868   Data          20  task_dateconnected.o(.bss)
    comPortData                              0x20004428   Data         320  datastory.o(.bss)
    Values                                   0x20004568   Data          64  datastory.o(.bss)
    Usart3RecerveData                        0x200045a8   Data         200  bsp_usart3.o(.bss)
    CPU_Name                                 0x20004670   Data          16  cpu_core.o(.bss)
    OSCfg_IdleTaskStk                        0x20004680   Data         512  os_cfg_app.o(.bss)
    OSCfg_IntQ                               0x20004880   Data         480  os_cfg_app.o(.bss)
    OSCfg_IntQTaskStk                        0x20004a60   Data         512  os_cfg_app.o(.bss)
    OSCfg_ISRStk                             0x20004c60   Data        1024  os_cfg_app.o(.bss)
    OSCfg_MsgPool                            0x20005060   Data        1600  os_cfg_app.o(.bss)
    OSCfg_StatTaskStk                        0x200056a0   Data         512  os_cfg_app.o(.bss)
    OSCfg_TickTaskStk                        0x200058a0   Data         512  os_cfg_app.o(.bss)
    OSIdleTaskTCB                            0x20005aa0   Data         188  os_var.o(.bss)
    OSIntQTaskTCB                            0x20005b5c   Data         188  os_var.o(.bss)
    OSMsgPool                                0x20005c18   Data          12  os_var.o(.bss)
    OSRdyList                                0x20005c24   Data         768  os_var.o(.bss)
    OSStatTaskTCB                            0x20005f24   Data         188  os_var.o(.bss)
    OSTickTaskTCB                            0x20005fe0   Data         188  os_var.o(.bss)
    __initial_sp                             0x2000a0a0   Data           0  startup_stm32f4xx.o(STACK)



==============================================================================

Memory Map of the image

  Image Entry point : 0x08000189

  Load Region LR_IROM1 (Base: 0x08000000, Size: 0x0000e3f4, Max: 0x00100000, ABSOLUTE, COMPRESSED[0x0000dfac])

    Execution Region ER_IROM1 (Base: 0x08000000, Size: 0x0000dbf0, Max: 0x00100000, ABSOLUTE)

    Base Addr    Size         Type   Attr      Idx    E Section Name        Object

    0x08000000   0x00000188   Data   RO          867    RESET               startup_stm32f4xx.o
    0x08000188   0x00000000   Code   RO         1805  * .ARM.Collect$$$$00000000  mc_w.l(entry.o)
    0x08000188   0x00000004   Code   RO         1855    .ARM.Collect$$$$00000001  mc_w.l(entry2.o)
    0x0800018c   0x00000004   Code   RO         1858    .ARM.Collect$$$$00000004  mc_w.l(entry5.o)
    0x08000190   0x00000000   Code   RO         1860    .ARM.Collect$$$$00000008  mc_w.l(entry7b.o)
    0x08000190   0x00000000   Code   RO         1862    .ARM.Collect$$$$0000000A  mc_w.l(entry8b.o)
    0x08000190   0x00000008   Code   RO         1863    .ARM.Collect$$$$0000000B  mc_w.l(entry9a.o)
    0x08000198   0x00000000   Code   RO         1865    .ARM.Collect$$$$0000000D  mc_w.l(entry10a.o)
    0x08000198   0x00000000   Code   RO         1867    .ARM.Collect$$$$0000000F  mc_w.l(entry11a.o)
    0x08000198   0x00000004   Code   RO         1856    .ARM.Collect$$$$00002712  mc_w.l(entry2.o)
    0x0800019c   0x000003f0   Code   RO          356    .text               task_dateconnected.o
    0x0800058c   0x0000001a   Code   RO          427    .text               task_dtudely.o
    0x080005a6   0x00000002   PAD
    0x080005a8   0x00000138   Code   RO          449    .text               main.o
    0x080006e0   0x000003bc   Code   RO          520    .text               stm32f4xx_it.o
    0x08000a9c   0x000000bc   Code   RO          542    .text               datastory.o
    0x08000b58   0x00000040   Code   RO          567    .text               actuatorfunction.o
    0x08000b98   0x00000128   Code   RO          599    .text               bsp.o
    0x08000cc0   0x00000074   Code   RO          621    .text               bsp_led.o
    0x08000d34   0x00000108   Code   RO          679    .text               bsp_usart1.o
    0x08000e3c   0x000000fc   Code   RO          695    .text               bsp_usart2.o
    0x08000f38   0x00000624   Code   RO          753    .text               bsp_lcd2_4_spi.o
    0x0800155c   0x00000504   Code   RO          809    .text               bsp_pwm.o
    0x08001a60   0x000002b4   Code   RO          825    .text               bsp_key.o
    0x08001d14   0x00000338   Code   RO          847    .text               exchangedata.o
    0x0800204c   0x00000024   Code   RO          868    .text               startup_stm32f4xx.o
    0x08002070   0x00000244   Code   RO          873    .text               system_stm32f4xx.o
    0x080022b4   0x000000e0   Code   RO          895    .text               misc.o
    0x08002394   0x0000011c   Code   RO         1087    .text               stm32f4xx_exti.o
    0x080024b0   0x0000025c   Code   RO         1135    .text               stm32f4xx_gpio.o
    0x0800270c   0x00000588   Code   RO         1247    .text               stm32f4xx_rcc.o
    0x08002c94   0x000003f8   Code   RO         1313    .text               stm32f4xx_spi.o
    0x0800308c   0x0000008c   Code   RO         1329    .text               stm32f4xx_syscfg.o
    0x08003118   0x00000ca2   Code   RO         1345    .text               stm32f4xx_tim.o
    0x08003dba   0x00000002   PAD
    0x08003dbc   0x0000041a   Code   RO         1361    .text               stm32f4xx_usart.o
    0x080041d6   0x00000002   PAD
    0x080041d8   0x000002ac   Code   RO         1428    .text               cpu_core.o
    0x08004484   0x00000034   Code   RO         1448    .text               cpu_a.o
    0x080044b8   0x00000256   Code   RO         1463    .text               lib_ascii.o
    0x0800470e   0x00000002   PAD
    0x08004710   0x00000080   Code   RO         1478    .text               lib_math.o
    0x08004790   0x000001e2   Code   RO         1496    .text               lib_mem.o
    0x08004972   0x00000002   PAD
    0x08004974   0x0000092c   Code   RO         1511    .text               lib_str.o
    0x080052a0   0x00000220   Code   RO         1528    .text               lib_mem_a.o
    0x080054c0   0x00000002   Code   RO         1531    .text               os_cfg_app.o
    0x080054c2   0x00000002   PAD
    0x080054c4   0x00000d54   Code   RO         1554    .text               os_core.o
    0x08006218   0x000001a0   Code   RO         1566    .text               os_dbg.o
    0x080063b8   0x00000dc8   Code   RO         1581    .text               os_flag.o
    0x08007180   0x0000040c   Code   RO         1593    .text               os_int.o
    0x0800758c   0x00000224   Code   RO         1605    .text               os_mem.o
    0x080077b0   0x00000228   Code   RO         1617    .text               os_msg.o
    0x080079d8   0x00000a6c   Code   RO         1629    .text               os_mutex.o
    0x08008444   0x0000007c   Code   RO         1653    .text               os_prio.o
    0x080084c0   0x00000878   Code   RO         1672    .text               os_q.o
    0x08008d38   0x000007d4   Code   RO         1684    .text               os_sem.o
    0x0800950c   0x000005e8   Code   RO         1696    .text               os_stat.o
    0x08009af4   0x000019f8   Code   RO         1708    .text               os_task.o
    0x0800b4ec   0x00000574   Code   RO         1720    .text               os_tick.o
    0x0800ba60   0x00000518   Code   RO         1732    .text               os_time.o
    0x0800bf78   0x00000248   Code   RO         1767    .text               os_cpu_c.o
    0x0800c1c0   0x00000062   Code   RO         1808    .text               mc_w.l(uldiv.o)
    0x0800c222   0x00000024   Code   RO         1810    .text               mc_w.l(memcpya.o)
    0x0800c246   0x00000024   Code   RO         1812    .text               mc_w.l(memseta.o)
    0x0800c26a   0x00000018   Code   RO         1814    .text               mc_w.l(strcat.o)
    0x0800c282   0x0000000e   Code   RO         1816    .text               mc_w.l(strlen.o)
    0x0800c290   0x0000001c   Code   RO         1818    .text               mc_w.l(strcmp.o)
    0x0800c2ac   0x00000012   Code   RO         1820    .text               mc_w.l(strcpy.o)
    0x0800c2be   0x0000014e   Code   RO         1824    .text               mf_w.l(dadd.o)
    0x0800c40c   0x000000e4   Code   RO         1826    .text               mf_w.l(dmul.o)
    0x0800c4f0   0x000000de   Code   RO         1828    .text               mf_w.l(ddiv.o)
    0x0800c5ce   0x00000022   Code   RO         1830    .text               mf_w.l(dflti.o)
    0x0800c5f0   0x0000003e   Code   RO         1832    .text               mf_w.l(dfixi.o)
    0x0800c62e   0x0000001e   Code   RO         1869    .text               mc_w.l(llshl.o)
    0x0800c64c   0x00000020   Code   RO         1871    .text               mc_w.l(llushr.o)
    0x0800c66c   0x00000024   Code   RO         1873    .text               mc_w.l(llsshr.o)
    0x0800c690   0x00000000   Code   RO         1882    .text               mc_w.l(iusefp.o)
    0x0800c690   0x000000b6   Code   RO         1883    .text               mf_w.l(depilogue.o)
    0x0800c746   0x0000002e   Code   RO         1887    .text               mf_w.l(dscalb.o)
    0x0800c774   0x00000028   Code   RO         1889    .text               mf_w.l(cdrcmple.o)
    0x0800c79c   0x00000024   Code   RO         1891    .text               mc_w.l(init.o)
    0x0800c7c0   0x000000a2   Code   RO         1893    .text               mf_w.l(dsqrt.o)
    0x0800c862   0x00000056   Code   RO         1905    .text               mc_w.l(__dczerorl2.o)
    0x0800c8b8   0x000000a8   Code   RO         1764    CODE                os_cpu_a.o
    0x0800c960   0x00000030   Code   RO         1838    i.__ARM_fpclassify  m_wm.l(fpclassify.o)
    0x0800c990   0x00000014   Code   RO         1785    i.__hardfp_fabs     m_wm.l(fabs.o)
    0x0800c9a4   0x00000004   PAD
    0x0800c9a8   0x00000c38   Code   RO         1791    i.__hardfp_pow      m_wm.l(pow.o)
    0x0800d5e0   0x000000f8   Code   RO         1840    i.__kernel_poly     m_wm.l(poly.o)
    0x0800d6d8   0x00000020   Code   RO         1836    i.__mathlib_dbl_underflow  m_wm.l(dunder.o)
    0x0800d6f8   0x0000000e   Code   RO         1899    i.__scatterload_copy  mc_w.l(handlers.o)
    0x0800d706   0x00000002   Code   RO         1900    i.__scatterload_null  mc_w.l(handlers.o)
    0x0800d708   0x0000000e   Code   RO         1901    i.__scatterload_zeroinit  mc_w.l(handlers.o)
    0x0800d716   0x00000002   PAD
    0x0800d718   0x0000000c   Code   RO         1877    i.__set_errno       mc_w.l(errno.o)
    0x0800d724   0x00000018   Code   RO         1787    i.fabs              m_wm.l(fabs.o)
    0x0800d73c   0x0000006e   Code   RO         1845    i.sqrt              m_wm.l(sqrt.o)
    0x0800d7aa   0x00000002   PAD
    0x0800d7ac   0x00000104   Data   RO         1430    .constdata          cpu_core.o
    0x0800d8b0   0x00000094   Data   RO         1512    .constdata          lib_str.o
    0x0800d944   0x00000094   Data   RO         1533    .constdata          os_cfg_app.o
    0x0800d9d8   0x00000168   Data   RO         1567    .constdata          os_dbg.o
    0x0800db40   0x00000088   Data   RO         1794    .constdata          m_wm.l(pow.o)
    0x0800dbc8   0x00000008   Data   RO         1842    .constdata          m_wm.l(qnan.o)
    0x0800dbd0   0x00000020   Data   RO         1897    Region$$Table       anon$$obj.o


    Execution Region RW_IRAM2 (Base: 0x10000000, Size: 0x00000000, Max: 0x00010000, ABSOLUTE)

    **** No section assigned to this execution region ****


    Execution Region RW_IRAM1 (Base: 0x20000000, Size: 0x0000a0a0, Max: 0x00020000, ABSOLUTE, COMPRESSED[0x000003bc])

    Base Addr    Size         Type   Attr      Idx    E Section Name        Object

    0x20000000   0x0000000e   Data   RW          358    .data               task_dateconnected.o
    0x2000000e   0x00000002   PAD
    0x20000010   0x0000000d   Data   RW          521    .data               stm32f4xx_it.o
    0x2000001d   0x00000001   PAD
    0x2000001e   0x00000002   Data   RW          713    .data               bsp_usart3.o
    0x20000020   0x00000004   Data   RW          754    .data               bsp_lcd2_4_spi.o
    0x20000024   0x000006f0   Data   RW          792    .data               font.o
    0x20000714   0x00000003   Data   RW          826    .data               bsp_key.o
    0x20000717   0x00000001   PAD
    0x20000718   0x00000014   Data   RW          874    .data               system_stm32f4xx.o
    0x2000072c   0x00000010   Data   RW         1248    .data               stm32f4xx_rcc.o
    0x2000073c   0x00000004   Data   RW         1431    .data               cpu_core.o
    0x20000740   0x00000004   Data   RW         1479    .data               lib_math.o
    0x20000744   0x00000008   Data   RW         1654    .data               os_prio.o
    0x2000074c   0x000000b0   Data   RW         1751    .data               os_var.o
    0x200007fc   0x00000004   Data   RW         1768    .data               os_cpu_c.o
    0x20000800   0x00000004   Data   RW         1878    .data               mc_w.l(errno.o)
    0x20000804   0x00000078   Zero   RW          357    .bss                task_dateconnected.o
    0x2000087c   0x00003bac   Zero   RW          450    .bss                main.o
    0x20004428   0x00000180   Zero   RW          543    .bss                datastory.o
    0x200045a8   0x000000c8   Zero   RW          712    .bss                bsp_usart3.o
    0x20004670   0x00000010   Zero   RW         1429    .bss                cpu_core.o
    0x20004680   0x00001420   Zero   RW         1532    .bss                os_cfg_app.o
    0x20005aa0   0x000005fc   Zero   RW         1750    .bss                os_var.o
    0x2000609c   0x00000004   PAD
    0x200060a0   0x00004000   Zero   RW          865    STACK               startup_stm32f4xx.o


==============================================================================

Image component sizes


      Code (inc. data)   RO Data    RW Data    ZI Data      Debug   Object Name

        64         14          0          0          0        734   actuatorfunction.o
       296         18          0          0          0       1709   bsp.o
       692         58          0          3          0       1779   bsp_key.o
      1572         32          0          4          0       5583   bsp_lcd2_4_spi.o
       116         10          0          0          0       1171   bsp_led.o
      1284         52          0          0          0       2776   bsp_pwm.o
       264          8          0          0          0       1221   bsp_usart1.o
       252          8          0          0          0       1408   bsp_usart2.o
         0          0          0          2        200        651   bsp_usart3.o
        52          0          0          0          0        360   cpu_a.o
       684         14        260          4         16       6991   cpu_core.o
       188          8          0          0        384       2694   datastory.o
       824         64          0          0          0       3120   exchangedata.o
         0          0          0       1776          0        586   font.o
       598          0          0          0          0       3812   lib_ascii.o
       128          8          0          4          0       2040   lib_math.o
       482          0          0          0          0       3472   lib_mem.o
       544          0          0          0          0        508   lib_mem_a.o
      2348          6        148          0          0      13270   lib_str.o
       312         76          0          0      15276       2060   main.o
       224         20          0          0          0       1865   misc.o
         0          0          0          0          0      27857   os_app_hooks.o
         2          0        148          0       5152      20053   os_cfg_app.o
      3412        270          0          0          0      11663   os_core.o
       168         32          0          0          0        428   os_cpu_a.o
       584         62          0          4          0       3889   os_cpu_c.o
       416        272        360          0          0       4829   os_dbg.o
      3528         98          0          0          0       7847   os_flag.o
      1036        132          0          0          0       2324   os_int.o
       548         16          0          0          0       2844   os_mem.o
       552         14          0          0          0       2754   os_msg.o
      2668         94          0          0          0       5598   os_mutex.o
       124          4          0          8          0       2004   os_prio.o
      2168         68          0          0          0       6268   os_q.o
      2004         64          0          0          0       6284   os_sem.o
      1512        160          0          0          0       2817   os_stat.o
      6648        250          0          0          0      12925   os_task.o
      1396         84          0          0          0       3936   os_tick.o
      1304         36          0          0          0       3201   os_time.o
         0          0          0        176       1532      18582   os_var.o
        36          8        392          0      16384        856   startup_stm32f4xx.o
       284         10          0          0          0       2347   stm32f4xx_exti.o
       604         36          0          0          0       4117   stm32f4xx_gpio.o
       956         66          0         13          0       4054   stm32f4xx_it.o
      1416         48          0         16          0      11023   stm32f4xx_rcc.o
      1016         22          0          0          0       6829   stm32f4xx_spi.o
       140         12          0          0          0       1703   stm32f4xx_syscfg.o
      3234         60          0          0          0      22348   stm32f4xx_tim.o
      1050         26          0          0          0       7820   stm32f4xx_usart.o
       580         48          0         20          0       1947   system_stm32f4xx.o
      1008        120          0         14        120       3762   task_dateconnected.o
        26          0          0          0          0        570   task_dtudely.o
         0          0          0          0          0     296505   task_gui.o

    ----------------------------------------------------------------------
     49356       2508       1340       2048      39068     567794   Object Totals
         0          0         32          0          0          0   (incl. Generated)
        12          0          0          4          4          0   (incl. Padding)

    ----------------------------------------------------------------------

      Code (inc. data)   RO Data    RW Data    ZI Data      Debug   Library Member Name

        32          8          0          0          0        124   dunder.o
        44          0          0          0          0        248   fabs.o
        48          0          0          0          0        124   fpclassify.o
       248          0          0          0          0        152   poly.o
      3128        304        136          0          0        216   pow.o
         0          0          8          0          0          0   qnan.o
       110          0          0          0          0        148   sqrt.o
        86          0          0          0          0          0   __dczerorl2.o
         0          0          0          0          0          0   entry.o
         0          0          0          0          0          0   entry10a.o
         0          0          0          0          0          0   entry11a.o
         8          4          0          0          0          0   entry2.o
         4          0          0          0          0          0   entry5.o
         0          0          0          0          0          0   entry7b.o
         0          0          0          0          0          0   entry8b.o
         8          4          0          0          0          0   entry9a.o
        12          6          0          4          0         68   errno.o
        30          0          0          0          0          0   handlers.o
        36          8          0          0          0         68   init.o
         0          0          0          0          0          0   iusefp.o
        30          0          0          0          0         68   llshl.o
        36          0          0          0          0         68   llsshr.o
        32          0          0          0          0         68   llushr.o
        36          0          0          0          0         68   memcpya.o
        36          0          0          0          0        108   memseta.o
        24          0          0          0          0         68   strcat.o
        28          0          0          0          0         76   strcmp.o
        18          0          0          0          0         68   strcpy.o
        14          0          0          0          0         68   strlen.o
        98          0          0          0          0         92   uldiv.o
        40          2          0          0          0         68   cdrcmple.o
       334          0          0          0          0        148   dadd.o
       222          0          0          0          0        100   ddiv.o
       182          0          0          0          0        176   depilogue.o
        62          0          0          0          0         80   dfixi.o
        34          0          0          0          0         76   dflti.o
       228          0          0          0          0         96   dmul.o
        46          0          0          0          0         80   dscalb.o
       162          0          0          0          0        100   dsqrt.o

    ----------------------------------------------------------------------
      5464        336        144          4          0       2824   Library Totals
         8          0          0          0          0          0   (incl. Padding)

    ----------------------------------------------------------------------

      Code (inc. data)   RO Data    RW Data    ZI Data      Debug   Library Name

      3610        312        144          0          0       1012   m_wm.l
       536         22          0          4          0        888   mc_w.l
      1310          2          0          0          0        924   mf_w.l

    ----------------------------------------------------------------------
      5464        336        144          4          0       2824   Library Totals

    ----------------------------------------------------------------------

==============================================================================


      Code (inc. data)   RO Data    RW Data    ZI Data      Debug   

     54820       2844       1484       2052      39068     559118   Grand Totals
     54820       2844       1484        956      39068     559118   ELF Image Totals (compressed)
     54820       2844       1484        956          0          0   ROM Totals

==============================================================================

    Total RO  Size (Code + RO Data)                56304 (  54.98kB)
    Total RW  Size (RW Data + ZI Data)             41120 (  40.16kB)
    Total ROM Size (Code + RO Data + RW Data)      57260 (  55.92kB)

==============================================================================

